16:15:02 **** Incremental Build of configuration Debug for project Progetto_Board2 ****
make -j8 all 
arm-none-eabi-gcc "../Core/Src/comm/comm_uart.c" -mcpu=cortex-m4 -std=gnu11 -g3 -DDEBUG -DUSE_HAL_DRIVER -DSTM32G474xx -c -I../Core/Inc -I../Drivers/STM32G4xx_HAL_Driver/Inc -I../Drivers/STM32G4xx_HAL_Driver/Inc/Legacy -I../Drivers/CMSIS/Device/ST/STM32G4xx/Include -I../Drivers/CMSIS/Include -I../Middlewares/Third_Party/FreeRTOS/Source/include -I../Middlewares/Third_Party/FreeRTOS/Source/CMSIS_RTOS_V2 -I../Middlewares/Third_Party/FreeRTOS/Source/portable/GCC/ARM_CM4F -I"C:/Users/Sterm/Desktop/STM32/workspace/Codice_Rover/Progetto_Board2" -I"C:/Users/Sterm/Desktop/STM32/workspace/Codice_Rover" -I"C:/Users/Sterm/Desktop/STM32/workspace/Codice_Rover/Progetto_Board2/.." -I"C:/Users/Sterm/Desktop/STM32/workspace/Codice_Rover/Progetto_Board2/Drivers/SupervisorB2" -O0 -ffunction-sections -fdata-sections -Wall -fstack-usage -fcyclomatic-complexity -MMD -MP -MF"Core/Src/comm/comm_uart.d" -MT"Core/Src/comm/comm_uart.o" --specs=nano.specs -mfpu=fpv4-sp-d16 -mfloat-abi=hard -mthumb -o "Core/Src/comm/comm_uart.o"
arm-none-eabi-gcc "../Core/Src/BLE_Controller/ble_controller_i2c.c" -mcpu=cortex-m4 -std=gnu11 -g3 -DDEBUG -DUSE_HAL_DRIVER -DSTM32G474xx -c -I../Core/Inc -I../Drivers/STM32G4xx_HAL_Driver/Inc -I../Drivers/STM32G4xx_HAL_Driver/Inc/Legacy -I../Drivers/CMSIS/Device/ST/STM32G4xx/Include -I../Drivers/CMSIS/Include -I../Middlewares/Third_Party/FreeRTOS/Source/include -I../Middlewares/Third_Party/FreeRTOS/Source/CMSIS_RTOS_V2 -I../Middlewares/Third_Party/FreeRTOS/Source/portable/GCC/ARM_CM4F -I"C:/Users/Sterm/Desktop/STM32/workspace/Codice_Rover/Progetto_Board2" -I"C:/Users/Sterm/Desktop/STM32/workspace/Codice_Rover" -I"C:/Users/Sterm/Desktop/STM32/workspace/Codice_Rover/Progetto_Board2/.." -I"C:/Users/Sterm/Desktop/STM32/workspace/Codice_Rover/Progetto_Board2/Drivers/SupervisorB2" -O0 -ffunction-sections -fdata-sections -Wall -fstack-usage -fcyclomatic-complexity -MMD -MP -MF"Core/Src/BLE_Controller/ble_controller_i2c.d" -MT"Core/Src/BLE_Controller/ble_controller_i2c.o" --specs=nano.specs -mfpu=fpv4-sp-d16 -mfloat-abi=hard -mthumb -o "Core/Src/BLE_Controller/ble_controller_i2c.o"
../Core/Src/comm/comm_uart.c: In function 'HAL_UART_TxCpltCallback':
../Core/Src/comm/comm_uart.c:56:9: warning: implicit declaration of function 'SabertoothCallback' [-Wimplicit-function-declaration]
   56 |         SabertoothCallback();
      |         ^~~~~~~~~~~~~~~~~~
arm-none-eabi-gcc "../Core/Src/BLE_Controller/ble_controller_task.c" -mcpu=cortex-m4 -std=gnu11 -g3 -DDEBUG -DUSE_HAL_DRIVER -DSTM32G474xx -c -I../Core/Inc -I../Drivers/STM32G4xx_HAL_Driver/Inc -I../Drivers/STM32G4xx_HAL_Driver/Inc/Legacy -I../Drivers/CMSIS/Device/ST/STM32G4xx/Include -I../Drivers/CMSIS/Include -I../Middlewares/Third_Party/FreeRTOS/Source/include -I../Middlewares/Third_Party/FreeRTOS/Source/CMSIS_RTOS_V2 -I../Middlewares/Third_Party/FreeRTOS/Source/portable/GCC/ARM_CM4F -I"C:/Users/Sterm/Desktop/STM32/workspace/Codice_Rover/Progetto_Board2" -I"C:/Users/Sterm/Desktop/STM32/workspace/Codice_Rover" -I"C:/Users/Sterm/Desktop/STM32/workspace/Codice_Rover/Progetto_Board2/.." -I"C:/Users/Sterm/Desktop/STM32/workspace/Codice_Rover/Progetto_Board2/Drivers/SupervisorB2" -O0 -ffunction-sections -fdata-sections -Wall -fstack-usage -fcyclomatic-complexity -MMD -MP -MF"Core/Src/BLE_Controller/ble_controller_task.d" -MT"Core/Src/BLE_Controller/ble_controller_task.o" --specs=nano.specs -mfpu=fpv4-sp-d16 -mfloat-abi=hard -mthumb -o "Core/Src/BLE_Controller/ble_controller_task.o"
arm-none-eabi-gcc "../Core/Src/app_freertos.c" -mcpu=cortex-m4 -std=gnu11 -g3 -DDEBUG -DUSE_HAL_DRIVER -DSTM32G474xx -c -I../Core/Inc -I../Drivers/STM32G4xx_HAL_Driver/Inc -I../Drivers/STM32G4xx_HAL_Driver/Inc/Legacy -I../Drivers/CMSIS/Device/ST/STM32G4xx/Include -I../Drivers/CMSIS/Include -I../Middlewares/Third_Party/FreeRTOS/Source/include -I../Middlewares/Third_Party/FreeRTOS/Source/CMSIS_RTOS_V2 -I../Middlewares/Third_Party/FreeRTOS/Source/portable/GCC/ARM_CM4F -I"C:/Users/Sterm/Desktop/STM32/workspace/Codice_Rover/Progetto_Board2" -I"C:/Users/Sterm/Desktop/STM32/workspace/Codice_Rover" -I"C:/Users/Sterm/Desktop/STM32/workspace/Codice_Rover/Progetto_Board2/.." -I"C:/Users/Sterm/Desktop/STM32/workspace/Codice_Rover/Progetto_Board2/Drivers/SupervisorB2" -O0 -ffunction-sections -fdata-sections -Wall -fstack-usage -fcyclomatic-complexity -MMD -MP -MF"Core/Src/app_freertos.d" -MT"Core/Src/app_freertos.o" --specs=nano.specs -mfpu=fpv4-sp-d16 -mfloat-abi=hard -mthumb -o "Core/Src/app_freertos.o"
arm-none-eabi-gcc "../Core/Src/dma.c" -mcpu=cortex-m4 -std=gnu11 -g3 -DDEBUG -DUSE_HAL_DRIVER -DSTM32G474xx -c -I../Core/Inc -I../Drivers/STM32G4xx_HAL_Driver/Inc -I../Drivers/STM32G4xx_HAL_Driver/Inc/Legacy -I../Drivers/CMSIS/Device/ST/STM32G4xx/Include -I../Drivers/CMSIS/Include -I../Middlewares/Third_Party/FreeRTOS/Source/include -I../Middlewares/Third_Party/FreeRTOS/Source/CMSIS_RTOS_V2 -I../Middlewares/Third_Party/FreeRTOS/Source/portable/GCC/ARM_CM4F -I"C:/Users/Sterm/Desktop/STM32/workspace/Codice_Rover/Progetto_Board2" -I"C:/Users/Sterm/Desktop/STM32/workspace/Codice_Rover" -I"C:/Users/Sterm/Desktop/STM32/workspace/Codice_Rover/Progetto_Board2/.." -I"C:/Users/Sterm/Desktop/STM32/workspace/Codice_Rover/Progetto_Board2/Drivers/SupervisorB2" -O0 -ffunction-sections -fdata-sections -Wall -fstack-usage -fcyclomatic-complexity -MMD -MP -MF"Core/Src/dma.d" -MT"Core/Src/dma.o" --specs=nano.specs -mfpu=fpv4-sp-d16 -mfloat-abi=hard -mthumb -o "Core/Src/dma.o"
arm-none-eabi-gcc "../Core/Src/gpio.c" -mcpu=cortex-m4 -std=gnu11 -g3 -DDEBUG -DUSE_HAL_DRIVER -DSTM32G474xx -c -I../Core/Inc -I../Drivers/STM32G4xx_HAL_Driver/Inc -I../Drivers/STM32G4xx_HAL_Driver/Inc/Legacy -I../Drivers/CMSIS/Device/ST/STM32G4xx/Include -I../Drivers/CMSIS/Include -I../Middlewares/Third_Party/FreeRTOS/Source/include -I../Middlewares/Third_Party/FreeRTOS/Source/CMSIS_RTOS_V2 -I../Middlewares/Third_Party/FreeRTOS/Source/portable/GCC/ARM_CM4F -I"C:/Users/Sterm/Desktop/STM32/workspace/Codice_Rover/Progetto_Board2" -I"C:/Users/Sterm/Desktop/STM32/workspace/Codice_Rover" -I"C:/Users/Sterm/Desktop/STM32/workspace/Codice_Rover/Progetto_Board2/.." -I"C:/Users/Sterm/Desktop/STM32/workspace/Codice_Rover/Progetto_Board2/Drivers/SupervisorB2" -O0 -ffunction-sections -fdata-sections -Wall -fstack-usage -fcyclomatic-complexity -MMD -MP -MF"Core/Src/gpio.d" -MT"Core/Src/gpio.o" --specs=nano.specs -mfpu=fpv4-sp-d16 -mfloat-abi=hard -mthumb -o "Core/Src/gpio.o"
arm-none-eabi-gcc "../Core/Src/i2c.c" -mcpu=cortex-m4 -std=gnu11 -g3 -DDEBUG -DUSE_HAL_DRIVER -DSTM32G474xx -c -I../Core/Inc -I../Drivers/STM32G4xx_HAL_Driver/Inc -I../Drivers/STM32G4xx_HAL_Driver/Inc/Legacy -I../Drivers/CMSIS/Device/ST/STM32G4xx/Include -I../Drivers/CMSIS/Include -I../Middlewares/Third_Party/FreeRTOS/Source/include -I../Middlewares/Third_Party/FreeRTOS/Source/CMSIS_RTOS_V2 -I../Middlewares/Third_Party/FreeRTOS/Source/portable/GCC/ARM_CM4F -I"C:/Users/Sterm/Desktop/STM32/workspace/Codice_Rover/Progetto_Board2" -I"C:/Users/Sterm/Desktop/STM32/workspace/Codice_Rover" -I"C:/Users/Sterm/Desktop/STM32/workspace/Codice_Rover/Progetto_Board2/.." -I"C:/Users/Sterm/Desktop/STM32/workspace/Codice_Rover/Progetto_Board2/Drivers/SupervisorB2" -O0 -ffunction-sections -fdata-sections -Wall -fstack-usage -fcyclomatic-complexity -MMD -MP -MF"Core/Src/i2c.d" -MT"Core/Src/i2c.o" --specs=nano.specs -mfpu=fpv4-sp-d16 -mfloat-abi=hard -mthumb -o "Core/Src/i2c.o"
arm-none-eabi-gcc "../Core/Src/main.c" -mcpu=cortex-m4 -std=gnu11 -g3 -DDEBUG -DUSE_HAL_DRIVER -DSTM32G474xx -c -I../Core/Inc -I../Drivers/STM32G4xx_HAL_Driver/Inc -I../Drivers/STM32G4xx_HAL_Driver/Inc/Legacy -I../Drivers/CMSIS/Device/ST/STM32G4xx/Include -I../Drivers/CMSIS/Include -I../Middlewares/Third_Party/FreeRTOS/Source/include -I../Middlewares/Third_Party/FreeRTOS/Source/CMSIS_RTOS_V2 -I../Middlewares/Third_Party/FreeRTOS/Source/portable/GCC/ARM_CM4F -I"C:/Users/Sterm/Desktop/STM32/workspace/Codice_Rover/Progetto_Board2" -I"C:/Users/Sterm/Desktop/STM32/workspace/Codice_Rover" -I"C:/Users/Sterm/Desktop/STM32/workspace/Codice_Rover/Progetto_Board2/.." -I"C:/Users/Sterm/Desktop/STM32/workspace/Codice_Rover/Progetto_Board2/Drivers/SupervisorB2" -O0 -ffunction-sections -fdata-sections -Wall -fstack-usage -fcyclomatic-complexity -MMD -MP -MF"Core/Src/main.d" -MT"Core/Src/main.o" --specs=nano.specs -mfpu=fpv4-sp-d16 -mfloat-abi=hard -mthumb -o "Core/Src/main.o"
arm-none-eabi-gcc "../Core/Src/stm32g4xx_hal_msp.c" -mcpu=cortex-m4 -std=gnu11 -g3 -DDEBUG -DUSE_HAL_DRIVER -DSTM32G474xx -c -I../Core/Inc -I../Drivers/STM32G4xx_HAL_Driver/Inc -I../Drivers/STM32G4xx_HAL_Driver/Inc/Legacy -I../Drivers/CMSIS/Device/ST/STM32G4xx/Include -I../Drivers/CMSIS/Include -I../Middlewares/Third_Party/FreeRTOS/Source/include -I../Middlewares/Third_Party/FreeRTOS/Source/CMSIS_RTOS_V2 -I../Middlewares/Third_Party/FreeRTOS/Source/portable/GCC/ARM_CM4F -I"C:/Users/Sterm/Desktop/STM32/workspace/Codice_Rover/Progetto_Board2" -I"C:/Users/Sterm/Desktop/STM32/workspace/Codice_Rover" -I"C:/Users/Sterm/Desktop/STM32/workspace/Codice_Rover/Progetto_Board2/.." -I"C:/Users/Sterm/Desktop/STM32/workspace/Codice_Rover/Progetto_Board2/Drivers/SupervisorB2" -O0 -ffunction-sections -fdata-sections -Wall -fstack-usage -fcyclomatic-complexity -MMD -MP -MF"Core/Src/stm32g4xx_hal_msp.d" -MT"Core/Src/stm32g4xx_hal_msp.o" --specs=nano.specs -mfpu=fpv4-sp-d16 -mfloat-abi=hard -mthumb -o "Core/Src/stm32g4xx_hal_msp.o"
arm-none-eabi-gcc "../Core/Src/stm32g4xx_hal_timebase_tim.c" -mcpu=cortex-m4 -std=gnu11 -g3 -DDEBUG -DUSE_HAL_DRIVER -DSTM32G474xx -c -I../Core/Inc -I../Drivers/STM32G4xx_HAL_Driver/Inc -I../Drivers/STM32G4xx_HAL_Driver/Inc/Legacy -I../Drivers/CMSIS/Device/ST/STM32G4xx/Include -I../Drivers/CMSIS/Include -I../Middlewares/Third_Party/FreeRTOS/Source/include -I../Middlewares/Third_Party/FreeRTOS/Source/CMSIS_RTOS_V2 -I../Middlewares/Third_Party/FreeRTOS/Source/portable/GCC/ARM_CM4F -I"C:/Users/Sterm/Desktop/STM32/workspace/Codice_Rover/Progetto_Board2" -I"C:/Users/Sterm/Desktop/STM32/workspace/Codice_Rover" -I"C:/Users/Sterm/Desktop/STM32/workspace/Codice_Rover/Progetto_Board2/.." -I"C:/Users/Sterm/Desktop/STM32/workspace/Codice_Rover/Progetto_Board2/Drivers/SupervisorB2" -O0 -ffunction-sections -fdata-sections -Wall -fstack-usage -fcyclomatic-complexity -MMD -MP -MF"Core/Src/stm32g4xx_hal_timebase_tim.d" -MT"Core/Src/stm32g4xx_hal_timebase_tim.o" --specs=nano.specs -mfpu=fpv4-sp-d16 -mfloat-abi=hard -mthumb -o "Core/Src/stm32g4xx_hal_timebase_tim.o"
arm-none-eabi-gcc "../Core/Src/stm32g4xx_it.c" -mcpu=cortex-m4 -std=gnu11 -g3 -DDEBUG -DUSE_HAL_DRIVER -DSTM32G474xx -c -I../Core/Inc -I../Drivers/STM32G4xx_HAL_Driver/Inc -I../Drivers/STM32G4xx_HAL_Driver/Inc/Legacy -I../Drivers/CMSIS/Device/ST/STM32G4xx/Include -I../Drivers/CMSIS/Include -I../Middlewares/Third_Party/FreeRTOS/Source/include -I../Middlewares/Third_Party/FreeRTOS/Source/CMSIS_RTOS_V2 -I../Middlewares/Third_Party/FreeRTOS/Source/portable/GCC/ARM_CM4F -I"C:/Users/Sterm/Desktop/STM32/workspace/Codice_Rover/Progetto_Board2" -I"C:/Users/Sterm/Desktop/STM32/workspace/Codice_Rover" -I"C:/Users/Sterm/Desktop/STM32/workspace/Codice_Rover/Progetto_Board2/.." -I"C:/Users/Sterm/Desktop/STM32/workspace/Codice_Rover/Progetto_Board2/Drivers/SupervisorB2" -O0 -ffunction-sections -fdata-sections -Wall -fstack-usage -fcyclomatic-complexity -MMD -MP -MF"Core/Src/stm32g4xx_it.d" -MT"Core/Src/stm32g4xx_it.o" --specs=nano.specs -mfpu=fpv4-sp-d16 -mfloat-abi=hard -mthumb -o "Core/Src/stm32g4xx_it.o"
arm-none-eabi-gcc "../Core/Src/syscalls.c" -mcpu=cortex-m4 -std=gnu11 -g3 -DDEBUG -DUSE_HAL_DRIVER -DSTM32G474xx -c -I../Core/Inc -I../Drivers/STM32G4xx_HAL_Driver/Inc -I../Drivers/STM32G4xx_HAL_Driver/Inc/Legacy -I../Drivers/CMSIS/Device/ST/STM32G4xx/Include -I../Drivers/CMSIS/Include -I../Middlewares/Third_Party/FreeRTOS/Source/include -I../Middlewares/Third_Party/FreeRTOS/Source/CMSIS_RTOS_V2 -I../Middlewares/Third_Party/FreeRTOS/Source/portable/GCC/ARM_CM4F -I"C:/Users/Sterm/Desktop/STM32/workspace/Codice_Rover/Progetto_Board2" -I"C:/Users/Sterm/Desktop/STM32/workspace/Codice_Rover" -I"C:/Users/Sterm/Desktop/STM32/workspace/Codice_Rover/Progetto_Board2/.." -I"C:/Users/Sterm/Desktop/STM32/workspace/Codice_Rover/Progetto_Board2/Drivers/SupervisorB2" -O0 -ffunction-sections -fdata-sections -Wall -fstack-usage -fcyclomatic-complexity -MMD -MP -MF"Core/Src/syscalls.d" -MT"Core/Src/syscalls.o" --specs=nano.specs -mfpu=fpv4-sp-d16 -mfloat-abi=hard -mthumb -o "Core/Src/syscalls.o"
arm-none-eabi-gcc "../Core/Src/sysmem.c" -mcpu=cortex-m4 -std=gnu11 -g3 -DDEBUG -DUSE_HAL_DRIVER -DSTM32G474xx -c -I../Core/Inc -I../Drivers/STM32G4xx_HAL_Driver/Inc -I../Drivers/STM32G4xx_HAL_Driver/Inc/Legacy -I../Drivers/CMSIS/Device/ST/STM32G4xx/Include -I../Drivers/CMSIS/Include -I../Middlewares/Third_Party/FreeRTOS/Source/include -I../Middlewares/Third_Party/FreeRTOS/Source/CMSIS_RTOS_V2 -I../Middlewares/Third_Party/FreeRTOS/Source/portable/GCC/ARM_CM4F -I"C:/Users/Sterm/Desktop/STM32/workspace/Codice_Rover/Progetto_Board2" -I"C:/Users/Sterm/Desktop/STM32/workspace/Codice_Rover" -I"C:/Users/Sterm/Desktop/STM32/workspace/Codice_Rover/Progetto_Board2/.." -I"C:/Users/Sterm/Desktop/STM32/workspace/Codice_Rover/Progetto_Board2/Drivers/SupervisorB2" -O0 -ffunction-sections -fdata-sections -Wall -fstack-usage -fcyclomatic-complexity -MMD -MP -MF"Core/Src/sysmem.d" -MT"Core/Src/sysmem.o" --specs=nano.specs -mfpu=fpv4-sp-d16 -mfloat-abi=hard -mthumb -o "Core/Src/sysmem.o"
arm-none-eabi-gcc "../Core/Src/system_stm32g4xx.c" -mcpu=cortex-m4 -std=gnu11 -g3 -DDEBUG -DUSE_HAL_DRIVER -DSTM32G474xx -c -I../Core/Inc -I../Drivers/STM32G4xx_HAL_Driver/Inc -I../Drivers/STM32G4xx_HAL_Driver/Inc/Legacy -I../Drivers/CMSIS/Device/ST/STM32G4xx/Include -I../Drivers/CMSIS/Include -I../Middlewares/Third_Party/FreeRTOS/Source/include -I../Middlewares/Third_Party/FreeRTOS/Source/CMSIS_RTOS_V2 -I../Middlewares/Third_Party/FreeRTOS/Source/portable/GCC/ARM_CM4F -I"C:/Users/Sterm/Desktop/STM32/workspace/Codice_Rover/Progetto_Board2" -I"C:/Users/Sterm/Desktop/STM32/workspace/Codice_Rover" -I"C:/Users/Sterm/Desktop/STM32/workspace/Codice_Rover/Progetto_Board2/.." -I"C:/Users/Sterm/Desktop/STM32/workspace/Codice_Rover/Progetto_Board2/Drivers/SupervisorB2" -O0 -ffunction-sections -fdata-sections -Wall -fstack-usage -fcyclomatic-complexity -MMD -MP -MF"Core/Src/system_stm32g4xx.d" -MT"Core/Src/system_stm32g4xx.o" --specs=nano.specs -mfpu=fpv4-sp-d16 -mfloat-abi=hard -mthumb -o "Core/Src/system_stm32g4xx.o"
arm-none-eabi-gcc "../Core/Src/tim.c" -mcpu=cortex-m4 -std=gnu11 -g3 -DDEBUG -DUSE_HAL_DRIVER -DSTM32G474xx -c -I../Core/Inc -I../Drivers/STM32G4xx_HAL_Driver/Inc -I../Drivers/STM32G4xx_HAL_Driver/Inc/Legacy -I../Drivers/CMSIS/Device/ST/STM32G4xx/Include -I../Drivers/CMSIS/Include -I../Middlewares/Third_Party/FreeRTOS/Source/include -I../Middlewares/Third_Party/FreeRTOS/Source/CMSIS_RTOS_V2 -I../Middlewares/Third_Party/FreeRTOS/Source/portable/GCC/ARM_CM4F -I"C:/Users/Sterm/Desktop/STM32/workspace/Codice_Rover/Progetto_Board2" -I"C:/Users/Sterm/Desktop/STM32/workspace/Codice_Rover" -I"C:/Users/Sterm/Desktop/STM32/workspace/Codice_Rover/Progetto_Board2/.." -I"C:/Users/Sterm/Desktop/STM32/workspace/Codice_Rover/Progetto_Board2/Drivers/SupervisorB2" -O0 -ffunction-sections -fdata-sections -Wall -fstack-usage -fcyclomatic-complexity -MMD -MP -MF"Core/Src/tim.d" -MT"Core/Src/tim.o" --specs=nano.specs -mfpu=fpv4-sp-d16 -mfloat-abi=hard -mthumb -o "Core/Src/tim.o"
arm-none-eabi-gcc "../Core/Src/usart.c" -mcpu=cortex-m4 -std=gnu11 -g3 -DDEBUG -DUSE_HAL_DRIVER -DSTM32G474xx -c -I../Core/Inc -I../Drivers/STM32G4xx_HAL_Driver/Inc -I../Drivers/STM32G4xx_HAL_Driver/Inc/Legacy -I../Drivers/CMSIS/Device/ST/STM32G4xx/Include -I../Drivers/CMSIS/Include -I../Middlewares/Third_Party/FreeRTOS/Source/include -I../Middlewares/Third_Party/FreeRTOS/Source/CMSIS_RTOS_V2 -I../Middlewares/Third_Party/FreeRTOS/Source/portable/GCC/ARM_CM4F -I"C:/Users/Sterm/Desktop/STM32/workspace/Codice_Rover/Progetto_Board2" -I"C:/Users/Sterm/Desktop/STM32/workspace/Codice_Rover" -I"C:/Users/Sterm/Desktop/STM32/workspace/Codice_Rover/Progetto_Board2/.." -I"C:/Users/Sterm/Desktop/STM32/workspace/Codice_Rover/Progetto_Board2/Drivers/SupervisorB2" -O0 -ffunction-sections -fdata-sections -Wall -fstack-usage -fcyclomatic-complexity -MMD -MP -MF"Core/Src/usart.d" -MT"Core/Src/usart.o" --specs=nano.specs -mfpu=fpv4-sp-d16 -mfloat-abi=hard -mthumb -o "Core/Src/usart.o"
arm-none-eabi-gcc "../Core/i2c_callbacks.c" -mcpu=cortex-m4 -std=gnu11 -g3 -DDEBUG -DUSE_HAL_DRIVER -DSTM32G474xx -c -I../Core/Inc -I../Drivers/STM32G4xx_HAL_Driver/Inc -I../Drivers/STM32G4xx_HAL_Driver/Inc/Legacy -I../Drivers/CMSIS/Device/ST/STM32G4xx/Include -I../Drivers/CMSIS/Include -I../Middlewares/Third_Party/FreeRTOS/Source/include -I../Middlewares/Third_Party/FreeRTOS/Source/CMSIS_RTOS_V2 -I../Middlewares/Third_Party/FreeRTOS/Source/portable/GCC/ARM_CM4F -I"C:/Users/Sterm/Desktop/STM32/workspace/Codice_Rover/Progetto_Board2" -I"C:/Users/Sterm/Desktop/STM32/workspace/Codice_Rover" -I"C:/Users/Sterm/Desktop/STM32/workspace/Codice_Rover/Progetto_Board2/.." -I"C:/Users/Sterm/Desktop/STM32/workspace/Codice_Rover/Progetto_Board2/Drivers/SupervisorB2" -O0 -ffunction-sections -fdata-sections -Wall -fstack-usage -fcyclomatic-complexity -MMD -MP -MF"Core/i2c_callbacks.d" -MT"Core/i2c_callbacks.o" --specs=nano.specs -mfpu=fpv4-sp-d16 -mfloat-abi=hard -mthumb -o "Core/i2c_callbacks.o"
../Core/i2c_callbacks.c: In function 'HAL_I2C_MemRxCpltCallback':
../Core/i2c_callbacks.c:19:9: warning: implicit declaration of function 'IMU_I2C_OnRxComplete' [-Wimplicit-function-declaration]
   19 |         IMU_I2C_OnRxComplete();
      |         ^~~~~~~~~~~~~~~~~~~~
../Core/i2c_callbacks.c: In function 'HAL_I2C_ErrorCallback':
../Core/i2c_callbacks.c:39:9: warning: implicit declaration of function 'IMU_I2C_OnError' [-Wimplicit-function-declaration]
   39 |         IMU_I2C_OnError();
      |         ^~~~~~~~~~~~~~~
arm-none-eabi-gcc -o "Progetto_Board2.elf" @"objects.list"   -mcpu=cortex-m4 -T"C:\Users\Sterm\Desktop\STM32\workspace\Codice_Rover\Progetto_Board2\STM32G474RETX_FLASH.ld" --specs=nosys.specs -Wl,-Map="Progetto_Board2.map" -Wl,--gc-sections -static --specs=nano.specs -mfpu=fpv4-sp-d16 -mfloat-abi=hard -mthumb -u _printf_float -u _scanf_float -Wl,--start-group -lc -lm -Wl,--end-group
Finished building target: Progetto_Board2.elf
 
arm-none-eabi-size  Progetto_Board2.elf 
arm-none-eabi-objdump -h -S Progetto_Board2.elf  > "Progetto_Board2.list"
   text	   data	    bss	    dec	    hex	filename
  96952	    476	  21376	 118804	  1d014	Progetto_Board2.elf
Finished building: default.size.stdout
 
Finished building: Progetto_Board2.list
 
16:17:58 **** Incremental Build of configuration Debug for project Progetto_Board2 ****
make -j8 all 
arm-none-eabi-size  Progetto_Board2.elf 
   text	   data	    bss	    dec	    hex	filename
  96952	    476	  21376	 118804	  1d014	Progetto_Board2.elf
Finished building: default.size.stdout
 
16:19:06 **** Incremental Build of configuration Debug for project Progetto_Board1 ****
make -j8 all 
arm-none-eabi-size  Progetto_Board1.elf 
   text	   data	    bss	    dec	    hex	filename
  93352	    572	  25296	 119220	  1d1b4	Progetto_Board1.elf
Finished building: default.size.stdout
 
16:19:10 **** Incremental Build of configuration Debug for project Progetto_Board1 ****
make -j8 all 
arm-none-eabi-size  Progetto_Board1.elf 
   text	   data	    bss	    dec	    hex	filename
  93352	    572	  25296	 119220	  1d1b4	Progetto_Board1.elf
Finished building: default.size.stdout
 
