16:47:27 **** Clean-only build of configuration Debug for project Progetto_Board2 ****
make -j8 clean 
rm -rf ./Middlewares/Third_Party/FreeRTOS/Source/portable/MemMang/heap_4.cyclo ./Middlewares/Third_Party/FreeRTOS/Source/portable/MemMang/heap_4.d ./Middlewares/Third_Party/FreeRTOS/Source/portable/MemMang/heap_4.o ./Middlewares/Third_Party/FreeRTOS/Source/portable/MemMang/heap_4.su
rm -rf ./Middlewares/Third_Party/FreeRTOS/Source/portable/GCC/ARM_CM4F/port.cyclo ./Middlewares/Third_Party/FreeRTOS/Source/portable/GCC/ARM_CM4F/port.d ./Middlewares/Third_Party/FreeRTOS/Source/portable/GCC/ARM_CM4F/port.o ./Middlewares/Third_Party/FreeRTOS/Source/portable/GCC/ARM_CM4F/port.su
rm -rf ./Middlewares/Third_Party/FreeRTOS/Source/CMSIS_RTOS_V2/cmsis_os2.cyclo ./Middlewares/Third_Party/FreeRTOS/Source/CMSIS_RTOS_V2/cmsis_os2.d ./Middlewares/Third_Party/FreeRTOS/Source/CMSIS_RTOS_V2/cmsis_os2.o ./Middlewares/Third_Party/FreeRTOS/Source/CMSIS_RTOS_V2/cmsis_os2.su
rm -rf ./Middlewares/Third_Party/FreeRTOS/Source/croutine.cyclo ./Middlewares/Third_Party/FreeRTOS/Source/croutine.d ./Middlewares/Third_Party/FreeRTOS/Source/croutine.o ./Middlewares/Third_Party/FreeRTOS/Source/croutine.su ./Middlewares/Third_Party/FreeRTOS/Source/event_groups.cyclo ./Middlewares/Third_Party/FreeRTOS/Source/event_groups.d ./Middlewares/Third_Party/FreeRTOS/Source/event_groups.o ./Middlewares/Third_Party/FreeRTOS/Source/event_groups.su ./Middlewares/Third_Party/FreeRTOS/Source/list.cyclo ./Middlewares/Third_Party/FreeRTOS/Source/list.d ./Middlewares/Third_Party/FreeRTOS/Source/list.o ./Middlewares/Third_Party/FreeRTOS/Source/list.su ./Middlewares/Third_Party/FreeRTOS/Source/queue.cyclo ./Middlewares/Third_Party/FreeRTOS/Source/queue.d ./Middlewares/Third_Party/FreeRTOS/Source/queue.o ./Middlewares/Third_Party/FreeRTOS/Source/queue.su ./Middlewares/Third_Party/FreeRTOS/Source/stream_buffer.cyclo ./Middlewares/Third_Party/FreeRTOS/Source/stream_buffer.d ./Middlewares/Third_Party/FreeRTOS/Source/stream_buffer.o ./Middlewares/Third_Party/FreeRTOS/Source/stream_buffer.su ./Middlewares/Third_Party/FreeRTOS/Source/tasks.cyclo ./Middlewares/Third_Party/FreeRTOS/Source/tasks.d ./Middlewares/Third_Party/FreeRTOS/Source/tasks.o ./Middlewares/Third_Party/FreeRTOS/Source/tasks.su ./Middlewares/Third_Party/FreeRTOS/Source/timers.cyclo ./Middlewares/Third_Party/FreeRTOS/Source/timers.d ./Middlewares/Third_Party/FreeRTOS/Source/timers.o ./Middlewares/Third_Party/FreeRTOS/Source/timers.su
rm -rf ./Drivers/SupervisorB2/SupervisorB2.cyclo ./Drivers/SupervisorB2/SupervisorB2.d ./Drivers/SupervisorB2/SupervisorB2.o ./Drivers/SupervisorB2/SupervisorB2.su ./Drivers/SupervisorB2/rtGetNaN.cyclo ./Drivers/SupervisorB2/rtGetNaN.d ./Drivers/SupervisorB2/rtGetNaN.o ./Drivers/SupervisorB2/rtGetNaN.su ./Drivers/SupervisorB2/rt_nonfinite.cyclo ./Drivers/SupervisorB2/rt_nonfinite.d ./Drivers/SupervisorB2/rt_nonfinite.o ./Drivers/SupervisorB2/rt_nonfinite.su ./Drivers/SupervisorB2/rt_zcfcn.cyclo ./Drivers/SupervisorB2/rt_zcfcn.d ./Drivers/SupervisorB2/rt_zcfcn.o ./Drivers/SupervisorB2/rt_zcfcn.su
rm -rf ./Drivers/STM32G4xx_HAL_Driver/Src/stm32g4xx_hal.cyclo ./Drivers/STM32G4xx_HAL_Driver/Src/stm32g4xx_hal.d ./Drivers/STM32G4xx_HAL_Driver/Src/stm32g4xx_hal.o ./Drivers/STM32G4xx_HAL_Driver/Src/stm32g4xx_hal.su ./Drivers/STM32G4xx_HAL_Driver/Src/stm32g4xx_hal_cortex.cyclo ./Drivers/STM32G4xx_HAL_Driver/Src/stm32g4xx_hal_cortex.d ./Drivers/STM32G4xx_HAL_Driver/Src/stm32g4xx_hal_cortex.o ./Drivers/STM32G4xx_HAL_Driver/Src/stm32g4xx_hal_cortex.su ./Drivers/STM32G4xx_HAL_Driver/Src/stm32g4xx_hal_dma.cyclo ./Drivers/STM32G4xx_HAL_Driver/Src/stm32g4xx_hal_dma.d ./Drivers/STM32G4xx_HAL_Driver/Src/stm32g4xx_hal_dma.o ./Drivers/STM32G4xx_HAL_Driver/Src/stm32g4xx_hal_dma.su ./Drivers/STM32G4xx_HAL_Driver/Src/stm32g4xx_hal_dma_ex.cyclo ./Drivers/STM32G4xx_HAL_Driver/Src/stm32g4xx_hal_dma_ex.d ./Drivers/STM32G4xx_HAL_Driver/Src/stm32g4xx_hal_dma_ex.o ./Drivers/STM32G4xx_HAL_Driver/Src/stm32g4xx_hal_dma_ex.su ./Drivers/STM32G4xx_HAL_Driver/Src/stm32g4xx_hal_exti.cyclo ./Drivers/STM32G4xx_HAL_Driver/Src/stm32g4xx_hal_exti.d ./Drivers/STM32G4xx_HAL_Driver/Src/stm32g4xx_hal_exti.o ./Drivers/STM32G4xx_HAL_Driver/Src/stm32g4xx_hal_exti.su ./Drivers/STM32G4xx_HAL_Driver/Src/stm32g4xx_hal_flash.cyclo ./Drivers/STM32G4xx_HAL_Driver/Src/stm32g4xx_hal_flash.d ./Drivers/STM32G4xx_HAL_Driver/Src/stm32g4xx_hal_flash.o ./Drivers/STM32G4xx_HAL_Driver/Src/stm32g4xx_hal_flash.su ./Drivers/STM32G4xx_HAL_Driver/Src/stm32g4xx_hal_flash_ex.cyclo ./Drivers/STM32G4xx_HAL_Driver/Src/stm32g4xx_hal_flash_ex.d ./Drivers/STM32G4xx_HAL_Driver/Src/stm32g4xx_hal_flash_ex.o ./Drivers/STM32G4xx_HAL_Driver/Src/stm32g4xx_hal_flash_ex.su ./Drivers/STM32G4xx_HAL_Driver/Src/stm32g4xx_hal_flash_ramfunc.cyclo ./Drivers/STM32G4xx_HAL_Driver/Src/stm32g4xx_hal_flash_ramfunc.d ./Drivers/STM32G4xx_HAL_Driver/Src/stm32g4xx_hal_flash_ramfunc.o ./Drivers/STM32G4xx_HAL_Driver/Src/stm32g4xx_hal_flash_ramfunc.su ./Drivers/STM32G4xx_HAL_Driver/Src/stm32g4xx_hal_gpio.cyclo ./Drivers/STM32G4xx_HAL_Driver/Src/stm32g4xx_hal_gpio.d ./Drivers/STM32G4xx_HAL_Driver/Src/stm32g4xx_hal_gpio.o ./Drivers/STM32G4xx_HAL_Driver/Src/stm32g4xx_hal_gpio.su ./Drivers/STM32G4xx_HAL_Driver/Src/stm32g4xx_hal_i2c.cyclo ./Drivers/STM32G4xx_HAL_Driver/Src/stm32g4xx_hal_i2c.d ./Drivers/STM32G4xx_HAL_Driver/Src/stm32g4xx_hal_i2c.o ./Drivers/STM32G4xx_HAL_Driver/Src/stm32g4xx_hal_i2c.su ./Drivers/STM32G4xx_HAL_Driver/Src/stm32g4xx_hal_i2c_ex.cyclo ./Drivers/STM32G4xx_HAL_Driver/Src/stm32g4xx_hal_i2c_ex.d ./Drivers/STM32G4xx_HAL_Driver/Src/stm32g4xx_hal_i2c_ex.o ./Drivers/STM32G4xx_HAL_Driver/Src/stm32g4xx_hal_i2c_ex.su ./Drivers/STM32G4xx_HAL_Driver/Src/stm32g4xx_hal_pwr.cyclo ./Drivers/STM32G4xx_HAL_Driver/Src/stm32g4xx_hal_pwr.d ./Drivers/STM32G4xx_HAL_Driver/Src/stm32g4xx_hal_pwr.o ./Drivers/STM32G4xx_HAL_Driver/Src/stm32g4xx_hal_pwr.su ./Drivers/STM32G4xx_HAL_Driver/Src/stm32g4xx_hal_pwr_ex.cyclo ./Drivers/STM32G4xx_HAL_Driver/Src/stm32g4xx_hal_pwr_ex.d ./Drivers/STM32G4xx_HAL_Driver/Src/stm32g4xx_hal_pwr_ex.o ./Drivers/STM32G4xx_HAL_Driver/Src/stm32g4xx_hal_pwr_ex.su ./Drivers/STM32G4xx_HAL_Driver/Src/stm32g4xx_hal_rcc.cyclo ./Drivers/STM32G4xx_HAL_Driver/Src/stm32g4xx_hal_rcc.d ./Drivers/STM32G4xx_HAL_Driver/Src/stm32g4xx_hal_rcc.o ./Drivers/STM32G4xx_HAL_Driver/Src/stm32g4xx_hal_rcc.su ./Drivers/STM32G4xx_HAL_Driver/Src/stm32g4xx_hal_rcc_ex.cyclo ./Drivers/STM32G4xx_HAL_Driver/Src/stm32g4xx_hal_rcc_ex.d ./Drivers/STM32G4xx_HAL_Driver/Src/stm32g4xx_hal_rcc_ex.o ./Drivers/STM32G4xx_HAL_Driver/Src/stm32g4xx_hal_rcc_ex.su ./Drivers/STM32G4xx_HAL_Driver/Src/stm32g4xx_hal_tim.cyclo ./Drivers/STM32G4xx_HAL_Driver/Src/stm32g4xx_hal_tim.d ./Drivers/STM32G4xx_HAL_Driver/Src/stm32g4xx_hal_tim.o ./Drivers/STM32G4xx_HAL_Driver/Src/stm32g4xx_hal_tim.su ./Drivers/STM32G4xx_HAL_Driver/Src/stm32g4xx_hal_tim_ex.cyclo ./Drivers/STM32G4xx_HAL_Driver/Src/stm32g4xx_hal_tim_ex.d ./Drivers/STM32G4xx_HAL_Driver/Src/stm32g4xx_hal_tim_ex.o ./Drivers/STM32G4xx_HAL_Driver/Src/stm32g4xx_hal_tim_ex.su ./Drivers/STM32G4xx_HAL_Driver/Src/stm32g4xx_hal_uart.cyclo ./Drivers/STM32G4xx_HAL_Driver/Src/stm32g4xx_hal_uart.d ./Drivers/STM32G4xx_HAL_Driver/Src/stm32g4xx_hal_uart.o ./Drivers/STM32G4xx_HAL_Driver/Src/stm32g4xx_hal_uart.su ./Drivers/STM32G4xx_HAL_Driver/Src/stm32g4xx_hal_uart_ex.cyclo ./Drivers/STM32G4xx_HAL_Driver/Src/stm32g4xx_hal_uart_ex.d ./Drivers/STM32G4xx_HAL_Driver/Src/stm32g4xx_hal_uart_ex.o ./Drivers/STM32G4xx_HAL_Driver/Src/stm32g4xx_hal_uart_ex.su
rm -rf ./Core/Startup/startup_stm32g474retx.d ./Core/Startup/startup_stm32g474retx.o
rm -rf ./Core/Src/supervisor/supervisor_task.cyclo ./Core/Src/supervisor/supervisor_task.d ./Core/Src/supervisor/supervisor_task.o ./Core/Src/supervisor/supervisor_task.su
rm -rf ./Core/Src/sonar/sonar_hw.cyclo ./Core/Src/sonar/sonar_hw.d ./Core/Src/sonar/sonar_hw.o ./Core/Src/sonar/sonar_hw.su ./Core/Src/sonar/sonar_task.cyclo ./Core/Src/sonar/sonar_task.d ./Core/Src/sonar/sonar_task.o ./Core/Src/sonar/sonar_task.su
rm -rf ./Core/Src/snapshot/ble_controller_snapshot.cyclo ./Core/Src/snapshot/ble_controller_snapshot.d ./Core/Src/snapshot/ble_controller_snapshot.o ./Core/Src/snapshot/ble_controller_snapshot.su ./Core/Src/snapshot/imu_snapshot.cyclo ./Core/Src/snapshot/imu_snapshot.d ./Core/Src/snapshot/imu_snapshot.o ./Core/Src/snapshot/imu_snapshot.su ./Core/Src/snapshot/rx_snapshot.cyclo ./Core/Src/snapshot/rx_snapshot.d ./Core/Src/snapshot/rx_snapshot.o ./Core/Src/snapshot/rx_snapshot.su ./Core/Src/snapshot/sonar_snapshot.cyclo ./Core/Src/snapshot/sonar_snapshot.d ./Core/Src/snapshot/sonar_snapshot.o ./Core/Src/snapshot/sonar_snapshot.su ./Core/Src/snapshot/supervisor_snapshot.cyclo ./Core/Src/snapshot/supervisor_snapshot.d ./Core/Src/snapshot/supervisor_snapshot.o ./Core/Src/snapshot/supervisor_snapshot.su
rm -rf ./Core/Src/log/log_format.cyclo ./Core/Src/log/log_format.d ./Core/Src/log/log_format.o ./Core/Src/log/log_format.su ./Core/Src/log/log_task.cyclo ./Core/Src/log/log_task.d ./Core/Src/log/log_task.o ./Core/Src/log/log_task.su ./Core/Src/log/wcet_monitor.cyclo ./Core/Src/log/wcet_monitor.d ./Core/Src/log/wcet_monitor.o ./Core/Src/log/wcet_monitor.su
rm -rf ./Core/Src/comm/comm_pack.cyclo ./Core/Src/comm/comm_pack.d ./Core/Src/comm/comm_pack.o ./Core/Src/comm/comm_pack.su ./Core/Src/comm/comm_rx_task.cyclo ./Core/Src/comm/comm_rx_task.d ./Core/Src/comm/comm_rx_task.o ./Core/Src/comm/comm_rx_task.su ./Core/Src/comm/comm_tx_task.cyclo ./Core/Src/comm/comm_tx_task.d ./Core/Src/comm/comm_tx_task.o ./Core/Src/comm/comm_tx_task.su ./Core/Src/comm/comm_uart.cyclo ./Core/Src/comm/comm_uart.d ./Core/Src/comm/comm_uart.o ./Core/Src/comm/comm_uart.su ./Core/Src/comm/comm_unpack.cyclo ./Core/Src/comm/comm_unpack.d ./Core/Src/comm/comm_unpack.o ./Core/Src/comm/comm_unpack.su
rm -rf ./Core/Src/actuation/actuation_step.cyclo ./Core/Src/actuation/actuation_step.d ./Core/Src/actuation/actuation_step.o ./Core/Src/actuation/actuation_step.su ./Core/Src/actuation/sabertooth_driver.cyclo ./Core/Src/actuation/sabertooth_driver.d ./Core/Src/actuation/sabertooth_driver.o ./Core/Src/actuation/sabertooth_driver.su
rm -rf ./Core/Src/IMU/imu_i2c.cyclo ./Core/Src/IMU/imu_i2c.d ./Core/Src/IMU/imu_i2c.o ./Core/Src/IMU/imu_i2c.su ./Core/Src/IMU/imu_task.cyclo ./Core/Src/IMU/imu_task.d ./Core/Src/IMU/imu_task.o ./Core/Src/IMU/imu_task.su
rm -rf ./Core/Src/BLE_Controller/ble_controller_i2c.cyclo ./Core/Src/BLE_Controller/ble_controller_i2c.d ./Core/Src/BLE_Controller/ble_controller_i2c.o ./Core/Src/BLE_Controller/ble_controller_i2c.su ./Core/Src/BLE_Controller/ble_controller_task.cyclo ./Core/Src/BLE_Controller/ble_controller_task.d ./Core/Src/BLE_Controller/ble_controller_task.o ./Core/Src/BLE_Controller/ble_controller_task.su
rm -rf ./Core/Src/app_freertos.cyclo ./Core/Src/app_freertos.d ./Core/Src/app_freertos.o ./Core/Src/app_freertos.su ./Core/Src/dma.cyclo ./Core/Src/dma.d ./Core/Src/dma.o ./Core/Src/dma.su ./Core/Src/gpio.cyclo ./Core/Src/gpio.d ./Core/Src/gpio.o ./Core/Src/gpio.su ./Core/Src/i2c.cyclo ./Core/Src/i2c.d ./Core/Src/i2c.o ./Core/Src/i2c.su ./Core/Src/main.cyclo ./Core/Src/main.d ./Core/Src/main.o ./Core/Src/main.su ./Core/Src/stm32g4xx_hal_msp.cyclo ./Core/Src/stm32g4xx_hal_msp.d ./Core/Src/stm32g4xx_hal_msp.o ./Core/Src/stm32g4xx_hal_msp.su ./Core/Src/stm32g4xx_hal_timebase_tim.cyclo ./Core/Src/stm32g4xx_hal_timebase_tim.d ./Core/Src/stm32g4xx_hal_timebase_tim.o ./Core/Src/stm32g4xx_hal_timebase_tim.su ./Core/Src/stm32g4xx_it.cyclo ./Core/Src/stm32g4xx_it.d ./Core/Src/stm32g4xx_it.o ./Core/Src/stm32g4xx_it.su ./Core/Src/syscalls.cyclo ./Core/Src/syscalls.d ./Core/Src/syscalls.o ./Core/Src/syscalls.su ./Core/Src/sysmem.cyclo ./Core/Src/sysmem.d ./Core/Src/sysmem.o ./Core/Src/sysmem.su ./Core/Src/system_stm32g4xx.cyclo ./Core/Src/system_stm32g4xx.d ./Core/Src/system_stm32g4xx.o ./Core/Src/system_stm32g4xx.su ./Core/Src/tim.cyclo ./Core/Src/tim.d ./Core/Src/tim.o ./Core/Src/tim.su ./Core/Src/usart.cyclo ./Core/Src/usart.d ./Core/Src/usart.o ./Core/Src/usart.su
rm -rf ./Core/i2c_callbacks.cyclo ./Core/i2c_callbacks.d ./Core/i2c_callbacks.o ./Core/i2c_callbacks.su
rm -rf Progetto_Board2.elf Progetto_Board2.list Progetto_Board2.map default.size.stdout
 
16:47:29 **** Build of configuration Debug for project Progetto_Board2 ****
make -j8 all 
arm-none-eabi-gcc "../Middlewares/Third_Party/FreeRTOS/Source/portable/MemMang/heap_4.c" -mcpu=cortex-m4 -std=gnu11 -g3 -DDEBUG -DUSE_HAL_DRIVER -DSTM32G474xx -c -I../Core/Inc -I../Drivers/STM32G4xx_HAL_Driver/Inc -I../Drivers/STM32G4xx_HAL_Driver/Inc/Legacy -I../Drivers/CMSIS/Device/ST/STM32G4xx/Include -I../Drivers/CMSIS/Include -I../Middlewares/Third_Party/FreeRTOS/Source/include -I../Middlewares/Third_Party/FreeRTOS/Source/CMSIS_RTOS_V2 -I../Middlewares/Third_Party/FreeRTOS/Source/portable/GCC/ARM_CM4F -I"C:/Users/Sterm/Documents/GitHub/Rover_gruppo3/Codice_Rover/Progetto_Board2" -I"C:/Users/Sterm/Documents/GitHub/Rover_gruppo3/Codice_Rover" -I"C:/Users/Sterm/Documents/GitHub/Rover_gruppo3/Codice_Rover/Progetto_Board2/.." -I"C:/Users/Sterm/Documents/GitHub/Rover_gruppo3/Codice_Rover/Progetto_Board2/Drivers/SupervisorB2" -O0 -ffunction-sections -fdata-sections -Wall -fstack-usage -fcyclomatic-complexity -MMD -MP -MF"Middlewares/Third_Party/FreeRTOS/Source/portable/MemMang/heap_4.d" -MT"Middlewares/Third_Party/FreeRTOS/Source/portable/MemMang/heap_4.o" --specs=nano.specs -mfpu=fpv4-sp-d16 -mfloat-abi=hard -mthumb -o "Middlewares/Third_Party/FreeRTOS/Source/portable/MemMang/heap_4.o"
arm-none-eabi-gcc "../Middlewares/Third_Party/FreeRTOS/Source/portable/GCC/ARM_CM4F/port.c" -mcpu=cortex-m4 -std=gnu11 -g3 -DDEBUG -DUSE_HAL_DRIVER -DSTM32G474xx -c -I../Core/Inc -I../Drivers/STM32G4xx_HAL_Driver/Inc -I../Drivers/STM32G4xx_HAL_Driver/Inc/Legacy -I../Drivers/CMSIS/Device/ST/STM32G4xx/Include -I../Drivers/CMSIS/Include -I../Middlewares/Third_Party/FreeRTOS/Source/include -I../Middlewares/Third_Party/FreeRTOS/Source/CMSIS_RTOS_V2 -I../Middlewares/Third_Party/FreeRTOS/Source/portable/GCC/ARM_CM4F -I"C:/Users/Sterm/Documents/GitHub/Rover_gruppo3/Codice_Rover/Progetto_Board2" -I"C:/Users/Sterm/Documents/GitHub/Rover_gruppo3/Codice_Rover" -I"C:/Users/Sterm/Documents/GitHub/Rover_gruppo3/Codice_Rover/Progetto_Board2/.." -I"C:/Users/Sterm/Documents/GitHub/Rover_gruppo3/Codice_Rover/Progetto_Board2/Drivers/SupervisorB2" -O0 -ffunction-sections -fdata-sections -Wall -fstack-usage -fcyclomatic-complexity -MMD -MP -MF"Middlewares/Third_Party/FreeRTOS/Source/portable/GCC/ARM_CM4F/port.d" -MT"Middlewares/Third_Party/FreeRTOS/Source/portable/GCC/ARM_CM4F/port.o" --specs=nano.specs -mfpu=fpv4-sp-d16 -mfloat-abi=hard -mthumb -o "Middlewares/Third_Party/FreeRTOS/Source/portable/GCC/ARM_CM4F/port.o"
arm-none-eabi-gcc "../Middlewares/Third_Party/FreeRTOS/Source/CMSIS_RTOS_V2/cmsis_os2.c" -mcpu=cortex-m4 -std=gnu11 -g3 -DDEBUG -DUSE_HAL_DRIVER -DSTM32G474xx -c -I../Core/Inc -I../Drivers/STM32G4xx_HAL_Driver/Inc -I../Drivers/STM32G4xx_HAL_Driver/Inc/Legacy -I../Drivers/CMSIS/Device/ST/STM32G4xx/Include -I../Drivers/CMSIS/Include -I../Middlewares/Third_Party/FreeRTOS/Source/include -I../Middlewares/Third_Party/FreeRTOS/Source/CMSIS_RTOS_V2 -I../Middlewares/Third_Party/FreeRTOS/Source/portable/GCC/ARM_CM4F -I"C:/Users/Sterm/Documents/GitHub/Rover_gruppo3/Codice_Rover/Progetto_Board2" -I"C:/Users/Sterm/Documents/GitHub/Rover_gruppo3/Codice_Rover" -I"C:/Users/Sterm/Documents/GitHub/Rover_gruppo3/Codice_Rover/Progetto_Board2/.." -I"C:/Users/Sterm/Documents/GitHub/Rover_gruppo3/Codice_Rover/Progetto_Board2/Drivers/SupervisorB2" -O0 -ffunction-sections -fdata-sections -Wall -fstack-usage -fcyclomatic-complexity -MMD -MP -MF"Middlewares/Third_Party/FreeRTOS/Source/CMSIS_RTOS_V2/cmsis_os2.d" -MT"Middlewares/Third_Party/FreeRTOS/Source/CMSIS_RTOS_V2/cmsis_os2.o" --specs=nano.specs -mfpu=fpv4-sp-d16 -mfloat-abi=hard -mthumb -o "Middlewares/Third_Party/FreeRTOS/Source/CMSIS_RTOS_V2/cmsis_os2.o"
arm-none-eabi-gcc "../Middlewares/Third_Party/FreeRTOS/Source/croutine.c" -mcpu=cortex-m4 -std=gnu11 -g3 -DDEBUG -DUSE_HAL_DRIVER -DSTM32G474xx -c -I../Core/Inc -I../Drivers/STM32G4xx_HAL_Driver/Inc -I../Drivers/STM32G4xx_HAL_Driver/Inc/Legacy -I../Drivers/CMSIS/Device/ST/STM32G4xx/Include -I../Drivers/CMSIS/Include -I../Middlewares/Third_Party/FreeRTOS/Source/include -I../Middlewares/Third_Party/FreeRTOS/Source/CMSIS_RTOS_V2 -I../Middlewares/Third_Party/FreeRTOS/Source/portable/GCC/ARM_CM4F -I"C:/Users/Sterm/Documents/GitHub/Rover_gruppo3/Codice_Rover/Progetto_Board2" -I"C:/Users/Sterm/Documents/GitHub/Rover_gruppo3/Codice_Rover" -I"C:/Users/Sterm/Documents/GitHub/Rover_gruppo3/Codice_Rover/Progetto_Board2/.." -I"C:/Users/Sterm/Documents/GitHub/Rover_gruppo3/Codice_Rover/Progetto_Board2/Drivers/SupervisorB2" -O0 -ffunction-sections -fdata-sections -Wall -fstack-usage -fcyclomatic-complexity -MMD -MP -MF"Middlewares/Third_Party/FreeRTOS/Source/croutine.d" -MT"Middlewares/Third_Party/FreeRTOS/Source/croutine.o" --specs=nano.specs -mfpu=fpv4-sp-d16 -mfloat-abi=hard -mthumb -o "Middlewares/Third_Party/FreeRTOS/Source/croutine.o"
arm-none-eabi-gcc "../Middlewares/Third_Party/FreeRTOS/Source/event_groups.c" -mcpu=cortex-m4 -std=gnu11 -g3 -DDEBUG -DUSE_HAL_DRIVER -DSTM32G474xx -c -I../Core/Inc -I../Drivers/STM32G4xx_HAL_Driver/Inc -I../Drivers/STM32G4xx_HAL_Driver/Inc/Legacy -I../Drivers/CMSIS/Device/ST/STM32G4xx/Include -I../Drivers/CMSIS/Include -I../Middlewares/Third_Party/FreeRTOS/Source/include -I../Middlewares/Third_Party/FreeRTOS/Source/CMSIS_RTOS_V2 -I../Middlewares/Third_Party/FreeRTOS/Source/portable/GCC/ARM_CM4F -I"C:/Users/Sterm/Documents/GitHub/Rover_gruppo3/Codice_Rover/Progetto_Board2" -I"C:/Users/Sterm/Documents/GitHub/Rover_gruppo3/Codice_Rover" -I"C:/Users/Sterm/Documents/GitHub/Rover_gruppo3/Codice_Rover/Progetto_Board2/.." -I"C:/Users/Sterm/Documents/GitHub/Rover_gruppo3/Codice_Rover/Progetto_Board2/Drivers/SupervisorB2" -O0 -ffunction-sections -fdata-sections -Wall -fstack-usage -fcyclomatic-complexity -MMD -MP -MF"Middlewares/Third_Party/FreeRTOS/Source/event_groups.d" -MT"Middlewares/Third_Party/FreeRTOS/Source/event_groups.o" --specs=nano.specs -mfpu=fpv4-sp-d16 -mfloat-abi=hard -mthumb -o "Middlewares/Third_Party/FreeRTOS/Source/event_groups.o"
arm-none-eabi-gcc "../Middlewares/Third_Party/FreeRTOS/Source/list.c" -mcpu=cortex-m4 -std=gnu11 -g3 -DDEBUG -DUSE_HAL_DRIVER -DSTM32G474xx -c -I../Core/Inc -I../Drivers/STM32G4xx_HAL_Driver/Inc -I../Drivers/STM32G4xx_HAL_Driver/Inc/Legacy -I../Drivers/CMSIS/Device/ST/STM32G4xx/Include -I../Drivers/CMSIS/Include -I../Middlewares/Third_Party/FreeRTOS/Source/include -I../Middlewares/Third_Party/FreeRTOS/Source/CMSIS_RTOS_V2 -I../Middlewares/Third_Party/FreeRTOS/Source/portable/GCC/ARM_CM4F -I"C:/Users/Sterm/Documents/GitHub/Rover_gruppo3/Codice_Rover/Progetto_Board2" -I"C:/Users/Sterm/Documents/GitHub/Rover_gruppo3/Codice_Rover" -I"C:/Users/Sterm/Documents/GitHub/Rover_gruppo3/Codice_Rover/Progetto_Board2/.." -I"C:/Users/Sterm/Documents/GitHub/Rover_gruppo3/Codice_Rover/Progetto_Board2/Drivers/SupervisorB2" -O0 -ffunction-sections -fdata-sections -Wall -fstack-usage -fcyclomatic-complexity -MMD -MP -MF"Middlewares/Third_Party/FreeRTOS/Source/list.d" -MT"Middlewares/Third_Party/FreeRTOS/Source/list.o" --specs=nano.specs -mfpu=fpv4-sp-d16 -mfloat-abi=hard -mthumb -o "Middlewares/Third_Party/FreeRTOS/Source/list.o"
arm-none-eabi-gcc "../Middlewares/Third_Party/FreeRTOS/Source/queue.c" -mcpu=cortex-m4 -std=gnu11 -g3 -DDEBUG -DUSE_HAL_DRIVER -DSTM32G474xx -c -I../Core/Inc -I../Drivers/STM32G4xx_HAL_Driver/Inc -I../Drivers/STM32G4xx_HAL_Driver/Inc/Legacy -I../Drivers/CMSIS/Device/ST/STM32G4xx/Include -I../Drivers/CMSIS/Include -I../Middlewares/Third_Party/FreeRTOS/Source/include -I../Middlewares/Third_Party/FreeRTOS/Source/CMSIS_RTOS_V2 -I../Middlewares/Third_Party/FreeRTOS/Source/portable/GCC/ARM_CM4F -I"C:/Users/Sterm/Documents/GitHub/Rover_gruppo3/Codice_Rover/Progetto_Board2" -I"C:/Users/Sterm/Documents/GitHub/Rover_gruppo3/Codice_Rover" -I"C:/Users/Sterm/Documents/GitHub/Rover_gruppo3/Codice_Rover/Progetto_Board2/.." -I"C:/Users/Sterm/Documents/GitHub/Rover_gruppo3/Codice_Rover/Progetto_Board2/Drivers/SupervisorB2" -O0 -ffunction-sections -fdata-sections -Wall -fstack-usage -fcyclomatic-complexity -MMD -MP -MF"Middlewares/Third_Party/FreeRTOS/Source/queue.d" -MT"Middlewares/Third_Party/FreeRTOS/Source/queue.o" --specs=nano.specs -mfpu=fpv4-sp-d16 -mfloat-abi=hard -mthumb -o "Middlewares/Third_Party/FreeRTOS/Source/queue.o"
arm-none-eabi-gcc "../Middlewares/Third_Party/FreeRTOS/Source/stream_buffer.c" -mcpu=cortex-m4 -std=gnu11 -g3 -DDEBUG -DUSE_HAL_DRIVER -DSTM32G474xx -c -I../Core/Inc -I../Drivers/STM32G4xx_HAL_Driver/Inc -I../Drivers/STM32G4xx_HAL_Driver/Inc/Legacy -I../Drivers/CMSIS/Device/ST/STM32G4xx/Include -I../Drivers/CMSIS/Include -I../Middlewares/Third_Party/FreeRTOS/Source/include -I../Middlewares/Third_Party/FreeRTOS/Source/CMSIS_RTOS_V2 -I../Middlewares/Third_Party/FreeRTOS/Source/portable/GCC/ARM_CM4F -I"C:/Users/Sterm/Documents/GitHub/Rover_gruppo3/Codice_Rover/Progetto_Board2" -I"C:/Users/Sterm/Documents/GitHub/Rover_gruppo3/Codice_Rover" -I"C:/Users/Sterm/Documents/GitHub/Rover_gruppo3/Codice_Rover/Progetto_Board2/.." -I"C:/Users/Sterm/Documents/GitHub/Rover_gruppo3/Codice_Rover/Progetto_Board2/Drivers/SupervisorB2" -O0 -ffunction-sections -fdata-sections -Wall -fstack-usage -fcyclomatic-complexity -MMD -MP -MF"Middlewares/Third_Party/FreeRTOS/Source/stream_buffer.d" -MT"Middlewares/Third_Party/FreeRTOS/Source/stream_buffer.o" --specs=nano.specs -mfpu=fpv4-sp-d16 -mfloat-abi=hard -mthumb -o "Middlewares/Third_Party/FreeRTOS/Source/stream_buffer.o"
arm-none-eabi-gcc "../Middlewares/Third_Party/FreeRTOS/Source/tasks.c" -mcpu=cortex-m4 -std=gnu11 -g3 -DDEBUG -DUSE_HAL_DRIVER -DSTM32G474xx -c -I../Core/Inc -I../Drivers/STM32G4xx_HAL_Driver/Inc -I../Drivers/STM32G4xx_HAL_Driver/Inc/Legacy -I../Drivers/CMSIS/Device/ST/STM32G4xx/Include -I../Drivers/CMSIS/Include -I../Middlewares/Third_Party/FreeRTOS/Source/include -I../Middlewares/Third_Party/FreeRTOS/Source/CMSIS_RTOS_V2 -I../Middlewares/Third_Party/FreeRTOS/Source/portable/GCC/ARM_CM4F -I"C:/Users/Sterm/Documents/GitHub/Rover_gruppo3/Codice_Rover/Progetto_Board2" -I"C:/Users/Sterm/Documents/GitHub/Rover_gruppo3/Codice_Rover" -I"C:/Users/Sterm/Documents/GitHub/Rover_gruppo3/Codice_Rover/Progetto_Board2/.." -I"C:/Users/Sterm/Documents/GitHub/Rover_gruppo3/Codice_Rover/Progetto_Board2/Drivers/SupervisorB2" -O0 -ffunction-sections -fdata-sections -Wall -fstack-usage -fcyclomatic-complexity -MMD -MP -MF"Middlewares/Third_Party/FreeRTOS/Source/tasks.d" -MT"Middlewares/Third_Party/FreeRTOS/Source/tasks.o" --specs=nano.specs -mfpu=fpv4-sp-d16 -mfloat-abi=hard -mthumb -o "Middlewares/Third_Party/FreeRTOS/Source/tasks.o"
arm-none-eabi-gcc "../Middlewares/Third_Party/FreeRTOS/Source/timers.c" -mcpu=cortex-m4 -std=gnu11 -g3 -DDEBUG -DUSE_HAL_DRIVER -DSTM32G474xx -c -I../Core/Inc -I../Drivers/STM32G4xx_HAL_Driver/Inc -I../Drivers/STM32G4xx_HAL_Driver/Inc/Legacy -I../Drivers/CMSIS/Device/ST/STM32G4xx/Include -I../Drivers/CMSIS/Include -I../Middlewares/Third_Party/FreeRTOS/Source/include -I../Middlewares/Third_Party/FreeRTOS/Source/CMSIS_RTOS_V2 -I../Middlewares/Third_Party/FreeRTOS/Source/portable/GCC/ARM_CM4F -I"C:/Users/Sterm/Documents/GitHub/Rover_gruppo3/Codice_Rover/Progetto_Board2" -I"C:/Users/Sterm/Documents/GitHub/Rover_gruppo3/Codice_Rover" -I"C:/Users/Sterm/Documents/GitHub/Rover_gruppo3/Codice_Rover/Progetto_Board2/.." -I"C:/Users/Sterm/Documents/GitHub/Rover_gruppo3/Codice_Rover/Progetto_Board2/Drivers/SupervisorB2" -O0 -ffunction-sections -fdata-sections -Wall -fstack-usage -fcyclomatic-complexity -MMD -MP -MF"Middlewares/Third_Party/FreeRTOS/Source/timers.d" -MT"Middlewares/Third_Party/FreeRTOS/Source/timers.o" --specs=nano.specs -mfpu=fpv4-sp-d16 -mfloat-abi=hard -mthumb -o "Middlewares/Third_Party/FreeRTOS/Source/timers.o"
arm-none-eabi-gcc "../Drivers/SupervisorB2/SupervisorB2.c" -mcpu=cortex-m4 -std=gnu11 -g3 -DDEBUG -DUSE_HAL_DRIVER -DSTM32G474xx -c -I../Core/Inc -I../Drivers/STM32G4xx_HAL_Driver/Inc -I../Drivers/STM32G4xx_HAL_Driver/Inc/Legacy -I../Drivers/CMSIS/Device/ST/STM32G4xx/Include -I../Drivers/CMSIS/Include -I../Middlewares/Third_Party/FreeRTOS/Source/include -I../Middlewares/Third_Party/FreeRTOS/Source/CMSIS_RTOS_V2 -I../Middlewares/Third_Party/FreeRTOS/Source/portable/GCC/ARM_CM4F -I"C:/Users/Sterm/Documents/GitHub/Rover_gruppo3/Codice_Rover/Progetto_Board2" -I"C:/Users/Sterm/Documents/GitHub/Rover_gruppo3/Codice_Rover" -I"C:/Users/Sterm/Documents/GitHub/Rover_gruppo3/Codice_Rover/Progetto_Board2/.." -I"C:/Users/Sterm/Documents/GitHub/Rover_gruppo3/Codice_Rover/Progetto_Board2/Drivers/SupervisorB2" -O0 -ffunction-sections -fdata-sections -Wall -fstack-usage -fcyclomatic-complexity -MMD -MP -MF"Drivers/SupervisorB2/SupervisorB2.d" -MT"Drivers/SupervisorB2/SupervisorB2.o" --specs=nano.specs -mfpu=fpv4-sp-d16 -mfloat-abi=hard -mthumb -o "Drivers/SupervisorB2/SupervisorB2.o"
arm-none-eabi-gcc "../Drivers/SupervisorB2/rtGetNaN.c" -mcpu=cortex-m4 -std=gnu11 -g3 -DDEBUG -DUSE_HAL_DRIVER -DSTM32G474xx -c -I../Core/Inc -I../Drivers/STM32G4xx_HAL_Driver/Inc -I../Drivers/STM32G4xx_HAL_Driver/Inc/Legacy -I../Drivers/CMSIS/Device/ST/STM32G4xx/Include -I../Drivers/CMSIS/Include -I../Middlewares/Third_Party/FreeRTOS/Source/include -I../Middlewares/Third_Party/FreeRTOS/Source/CMSIS_RTOS_V2 -I../Middlewares/Third_Party/FreeRTOS/Source/portable/GCC/ARM_CM4F -I"C:/Users/Sterm/Documents/GitHub/Rover_gruppo3/Codice_Rover/Progetto_Board2" -I"C:/Users/Sterm/Documents/GitHub/Rover_gruppo3/Codice_Rover" -I"C:/Users/Sterm/Documents/GitHub/Rover_gruppo3/Codice_Rover/Progetto_Board2/.." -I"C:/Users/Sterm/Documents/GitHub/Rover_gruppo3/Codice_Rover/Progetto_Board2/Drivers/SupervisorB2" -O0 -ffunction-sections -fdata-sections -Wall -fstack-usage -fcyclomatic-complexity -MMD -MP -MF"Drivers/SupervisorB2/rtGetNaN.d" -MT"Drivers/SupervisorB2/rtGetNaN.o" --specs=nano.specs -mfpu=fpv4-sp-d16 -mfloat-abi=hard -mthumb -o "Drivers/SupervisorB2/rtGetNaN.o"
arm-none-eabi-gcc "../Drivers/SupervisorB2/rt_nonfinite.c" -mcpu=cortex-m4 -std=gnu11 -g3 -DDEBUG -DUSE_HAL_DRIVER -DSTM32G474xx -c -I../Core/Inc -I../Drivers/STM32G4xx_HAL_Driver/Inc -I../Drivers/STM32G4xx_HAL_Driver/Inc/Legacy -I../Drivers/CMSIS/Device/ST/STM32G4xx/Include -I../Drivers/CMSIS/Include -I../Middlewares/Third_Party/FreeRTOS/Source/include -I../Middlewares/Third_Party/FreeRTOS/Source/CMSIS_RTOS_V2 -I../Middlewares/Third_Party/FreeRTOS/Source/portable/GCC/ARM_CM4F -I"C:/Users/Sterm/Documents/GitHub/Rover_gruppo3/Codice_Rover/Progetto_Board2" -I"C:/Users/Sterm/Documents/GitHub/Rover_gruppo3/Codice_Rover" -I"C:/Users/Sterm/Documents/GitHub/Rover_gruppo3/Codice_Rover/Progetto_Board2/.." -I"C:/Users/Sterm/Documents/GitHub/Rover_gruppo3/Codice_Rover/Progetto_Board2/Drivers/SupervisorB2" -O0 -ffunction-sections -fdata-sections -Wall -fstack-usage -fcyclomatic-complexity -MMD -MP -MF"Drivers/SupervisorB2/rt_nonfinite.d" -MT"Drivers/SupervisorB2/rt_nonfinite.o" --specs=nano.specs -mfpu=fpv4-sp-d16 -mfloat-abi=hard -mthumb -o "Drivers/SupervisorB2/rt_nonfinite.o"
arm-none-eabi-gcc "../Drivers/SupervisorB2/rt_zcfcn.c" -mcpu=cortex-m4 -std=gnu11 -g3 -DDEBUG -DUSE_HAL_DRIVER -DSTM32G474xx -c -I../Core/Inc -I../Drivers/STM32G4xx_HAL_Driver/Inc -I../Drivers/STM32G4xx_HAL_Driver/Inc/Legacy -I../Drivers/CMSIS/Device/ST/STM32G4xx/Include -I../Drivers/CMSIS/Include -I../Middlewares/Third_Party/FreeRTOS/Source/include -I../Middlewares/Third_Party/FreeRTOS/Source/CMSIS_RTOS_V2 -I../Middlewares/Third_Party/FreeRTOS/Source/portable/GCC/ARM_CM4F -I"C:/Users/Sterm/Documents/GitHub/Rover_gruppo3/Codice_Rover/Progetto_Board2" -I"C:/Users/Sterm/Documents/GitHub/Rover_gruppo3/Codice_Rover" -I"C:/Users/Sterm/Documents/GitHub/Rover_gruppo3/Codice_Rover/Progetto_Board2/.." -I"C:/Users/Sterm/Documents/GitHub/Rover_gruppo3/Codice_Rover/Progetto_Board2/Drivers/SupervisorB2" -O0 -ffunction-sections -fdata-sections -Wall -fstack-usage -fcyclomatic-complexity -MMD -MP -MF"Drivers/SupervisorB2/rt_zcfcn.d" -MT"Drivers/SupervisorB2/rt_zcfcn.o" --specs=nano.specs -mfpu=fpv4-sp-d16 -mfloat-abi=hard -mthumb -o "Drivers/SupervisorB2/rt_zcfcn.o"
arm-none-eabi-gcc "../Drivers/STM32G4xx_HAL_Driver/Src/stm32g4xx_hal.c" -mcpu=cortex-m4 -std=gnu11 -g3 -DDEBUG -DUSE_HAL_DRIVER -DSTM32G474xx -c -I../Core/Inc -I../Drivers/STM32G4xx_HAL_Driver/Inc -I../Drivers/STM32G4xx_HAL_Driver/Inc/Legacy -I../Drivers/CMSIS/Device/ST/STM32G4xx/Include -I../Drivers/CMSIS/Include -I../Middlewares/Third_Party/FreeRTOS/Source/include -I../Middlewares/Third_Party/FreeRTOS/Source/CMSIS_RTOS_V2 -I../Middlewares/Third_Party/FreeRTOS/Source/portable/GCC/ARM_CM4F -I"C:/Users/Sterm/Documents/GitHub/Rover_gruppo3/Codice_Rover/Progetto_Board2" -I"C:/Users/Sterm/Documents/GitHub/Rover_gruppo3/Codice_Rover" -I"C:/Users/Sterm/Documents/GitHub/Rover_gruppo3/Codice_Rover/Progetto_Board2/.." -I"C:/Users/Sterm/Documents/GitHub/Rover_gruppo3/Codice_Rover/Progetto_Board2/Drivers/SupervisorB2" -O0 -ffunction-sections -fdata-sections -Wall -fstack-usage -fcyclomatic-complexity -MMD -MP -MF"Drivers/STM32G4xx_HAL_Driver/Src/stm32g4xx_hal.d" -MT"Drivers/STM32G4xx_HAL_Driver/Src/stm32g4xx_hal.o" --specs=nano.specs -mfpu=fpv4-sp-d16 -mfloat-abi=hard -mthumb -o "Drivers/STM32G4xx_HAL_Driver/Src/stm32g4xx_hal.o"
arm-none-eabi-gcc "../Drivers/STM32G4xx_HAL_Driver/Src/stm32g4xx_hal_cortex.c" -mcpu=cortex-m4 -std=gnu11 -g3 -DDEBUG -DUSE_HAL_DRIVER -DSTM32G474xx -c -I../Core/Inc -I../Drivers/STM32G4xx_HAL_Driver/Inc -I../Drivers/STM32G4xx_HAL_Driver/Inc/Legacy -I../Drivers/CMSIS/Device/ST/STM32G4xx/Include -I../Drivers/CMSIS/Include -I../Middlewares/Third_Party/FreeRTOS/Source/include -I../Middlewares/Third_Party/FreeRTOS/Source/CMSIS_RTOS_V2 -I../Middlewares/Third_Party/FreeRTOS/Source/portable/GCC/ARM_CM4F -I"C:/Users/Sterm/Documents/GitHub/Rover_gruppo3/Codice_Rover/Progetto_Board2" -I"C:/Users/Sterm/Documents/GitHub/Rover_gruppo3/Codice_Rover" -I"C:/Users/Sterm/Documents/GitHub/Rover_gruppo3/Codice_Rover/Progetto_Board2/.." -I"C:/Users/Sterm/Documents/GitHub/Rover_gruppo3/Codice_Rover/Progetto_Board2/Drivers/SupervisorB2" -O0 -ffunction-sections -fdata-sections -Wall -fstack-usage -fcyclomatic-complexity -MMD -MP -MF"Drivers/STM32G4xx_HAL_Driver/Src/stm32g4xx_hal_cortex.d" -MT"Drivers/STM32G4xx_HAL_Driver/Src/stm32g4xx_hal_cortex.o" --specs=nano.specs -mfpu=fpv4-sp-d16 -mfloat-abi=hard -mthumb -o "Drivers/STM32G4xx_HAL_Driver/Src/stm32g4xx_hal_cortex.o"
../Drivers/SupervisorB2/SupervisorB2.c: In function 'SupervisorB2_step':
../Drivers/SupervisorB2/SupervisorB2.c:1225:3: warning: enumeration value 'ESP_I2C_OK' not handled in switch [-Wswitch]
 1225 |   switch (esp_status) {
      |   ^~~~~~
../Drivers/SupervisorB2/SupervisorB2.c:1235:3: warning: enumeration value 'IMU_I2C_OK' not handled in switch [-Wswitch]
 1235 |   switch (imu_status) {
      |   ^~~~~~
../Drivers/SupervisorB2/SupervisorB2.c:1245:3: warning: enumeration value 'RX_OK' not handled in switch [-Wswitch]
 1245 |   switch (rx_status) {
      |   ^~~~~~
../Drivers/SupervisorB2/SupervisorB2.c:1255:3: warning: enumeration value 'SUPERVISOR_OK' not handled in switch [-Wswitch]
 1255 |   switch (b1_sup_status) {
      |   ^~~~~~
../Drivers/SupervisorB2/SupervisorB2.c:1539:52: warning: taking address of packed member of 'struct <anonymous>' may result in an unaligned pointer value [-Waddress-of-packed-member]
 1539 |                 (SupervisorB2_U.Board1_Data.payload.wheel_speed_rpm);
      |                  ~~~~~~~~~~~~~~~~~~~~~~~~~~~~~~~~~~^~~~~~~~~~~~~~~~
arm-none-eabi-gcc "../Drivers/STM32G4xx_HAL_Driver/Src/stm32g4xx_hal_dma.c" -mcpu=cortex-m4 -std=gnu11 -g3 -DDEBUG -DUSE_HAL_DRIVER -DSTM32G474xx -c -I../Core/Inc -I../Drivers/STM32G4xx_HAL_Driver/Inc -I../Drivers/STM32G4xx_HAL_Driver/Inc/Legacy -I../Drivers/CMSIS/Device/ST/STM32G4xx/Include -I../Drivers/CMSIS/Include -I../Middlewares/Third_Party/FreeRTOS/Source/include -I../Middlewares/Third_Party/FreeRTOS/Source/CMSIS_RTOS_V2 -I../Middlewares/Third_Party/FreeRTOS/Source/portable/GCC/ARM_CM4F -I"C:/Users/Sterm/Documents/GitHub/Rover_gruppo3/Codice_Rover/Progetto_Board2" -I"C:/Users/Sterm/Documents/GitHub/Rover_gruppo3/Codice_Rover" -I"C:/Users/Sterm/Documents/GitHub/Rover_gruppo3/Codice_Rover/Progetto_Board2/.." -I"C:/Users/Sterm/Documents/GitHub/Rover_gruppo3/Codice_Rover/Progetto_Board2/Drivers/SupervisorB2" -O0 -ffunction-sections -fdata-sections -Wall -fstack-usage -fcyclomatic-complexity -MMD -MP -MF"Drivers/STM32G4xx_HAL_Driver/Src/stm32g4xx_hal_dma.d" -MT"Drivers/STM32G4xx_HAL_Driver/Src/stm32g4xx_hal_dma.o" --specs=nano.specs -mfpu=fpv4-sp-d16 -mfloat-abi=hard -mthumb -o "Drivers/STM32G4xx_HAL_Driver/Src/stm32g4xx_hal_dma.o"
arm-none-eabi-gcc "../Drivers/STM32G4xx_HAL_Driver/Src/stm32g4xx_hal_dma_ex.c" -mcpu=cortex-m4 -std=gnu11 -g3 -DDEBUG -DUSE_HAL_DRIVER -DSTM32G474xx -c -I../Core/Inc -I../Drivers/STM32G4xx_HAL_Driver/Inc -I../Drivers/STM32G4xx_HAL_Driver/Inc/Legacy -I../Drivers/CMSIS/Device/ST/STM32G4xx/Include -I../Drivers/CMSIS/Include -I../Middlewares/Third_Party/FreeRTOS/Source/include -I../Middlewares/Third_Party/FreeRTOS/Source/CMSIS_RTOS_V2 -I../Middlewares/Third_Party/FreeRTOS/Source/portable/GCC/ARM_CM4F -I"C:/Users/Sterm/Documents/GitHub/Rover_gruppo3/Codice_Rover/Progetto_Board2" -I"C:/Users/Sterm/Documents/GitHub/Rover_gruppo3/Codice_Rover" -I"C:/Users/Sterm/Documents/GitHub/Rover_gruppo3/Codice_Rover/Progetto_Board2/.." -I"C:/Users/Sterm/Documents/GitHub/Rover_gruppo3/Codice_Rover/Progetto_Board2/Drivers/SupervisorB2" -O0 -ffunction-sections -fdata-sections -Wall -fstack-usage -fcyclomatic-complexity -MMD -MP -MF"Drivers/STM32G4xx_HAL_Driver/Src/stm32g4xx_hal_dma_ex.d" -MT"Drivers/STM32G4xx_HAL_Driver/Src/stm32g4xx_hal_dma_ex.o" --specs=nano.specs -mfpu=fpv4-sp-d16 -mfloat-abi=hard -mthumb -o "Drivers/STM32G4xx_HAL_Driver/Src/stm32g4xx_hal_dma_ex.o"
arm-none-eabi-gcc "../Drivers/STM32G4xx_HAL_Driver/Src/stm32g4xx_hal_exti.c" -mcpu=cortex-m4 -std=gnu11 -g3 -DDEBUG -DUSE_HAL_DRIVER -DSTM32G474xx -c -I../Core/Inc -I../Drivers/STM32G4xx_HAL_Driver/Inc -I../Drivers/STM32G4xx_HAL_Driver/Inc/Legacy -I../Drivers/CMSIS/Device/ST/STM32G4xx/Include -I../Drivers/CMSIS/Include -I../Middlewares/Third_Party/FreeRTOS/Source/include -I../Middlewares/Third_Party/FreeRTOS/Source/CMSIS_RTOS_V2 -I../Middlewares/Third_Party/FreeRTOS/Source/portable/GCC/ARM_CM4F -I"C:/Users/Sterm/Documents/GitHub/Rover_gruppo3/Codice_Rover/Progetto_Board2" -I"C:/Users/Sterm/Documents/GitHub/Rover_gruppo3/Codice_Rover" -I"C:/Users/Sterm/Documents/GitHub/Rover_gruppo3/Codice_Rover/Progetto_Board2/.." -I"C:/Users/Sterm/Documents/GitHub/Rover_gruppo3/Codice_Rover/Progetto_Board2/Drivers/SupervisorB2" -O0 -ffunction-sections -fdata-sections -Wall -fstack-usage -fcyclomatic-complexity -MMD -MP -MF"Drivers/STM32G4xx_HAL_Driver/Src/stm32g4xx_hal_exti.d" -MT"Drivers/STM32G4xx_HAL_Driver/Src/stm32g4xx_hal_exti.o" --specs=nano.specs -mfpu=fpv4-sp-d16 -mfloat-abi=hard -mthumb -o "Drivers/STM32G4xx_HAL_Driver/Src/stm32g4xx_hal_exti.o"
arm-none-eabi-gcc "../Drivers/STM32G4xx_HAL_Driver/Src/stm32g4xx_hal_flash.c" -mcpu=cortex-m4 -std=gnu11 -g3 -DDEBUG -DUSE_HAL_DRIVER -DSTM32G474xx -c -I../Core/Inc -I../Drivers/STM32G4xx_HAL_Driver/Inc -I../Drivers/STM32G4xx_HAL_Driver/Inc/Legacy -I../Drivers/CMSIS/Device/ST/STM32G4xx/Include -I../Drivers/CMSIS/Include -I../Middlewares/Third_Party/FreeRTOS/Source/include -I../Middlewares/Third_Party/FreeRTOS/Source/CMSIS_RTOS_V2 -I../Middlewares/Third_Party/FreeRTOS/Source/portable/GCC/ARM_CM4F -I"C:/Users/Sterm/Documents/GitHub/Rover_gruppo3/Codice_Rover/Progetto_Board2" -I"C:/Users/Sterm/Documents/GitHub/Rover_gruppo3/Codice_Rover" -I"C:/Users/Sterm/Documents/GitHub/Rover_gruppo3/Codice_Rover/Progetto_Board2/.." -I"C:/Users/Sterm/Documents/GitHub/Rover_gruppo3/Codice_Rover/Progetto_Board2/Drivers/SupervisorB2" -O0 -ffunction-sections -fdata-sections -Wall -fstack-usage -fcyclomatic-complexity -MMD -MP -MF"Drivers/STM32G4xx_HAL_Driver/Src/stm32g4xx_hal_flash.d" -MT"Drivers/STM32G4xx_HAL_Driver/Src/stm32g4xx_hal_flash.o" --specs=nano.specs -mfpu=fpv4-sp-d16 -mfloat-abi=hard -mthumb -o "Drivers/STM32G4xx_HAL_Driver/Src/stm32g4xx_hal_flash.o"
arm-none-eabi-gcc "../Drivers/STM32G4xx_HAL_Driver/Src/stm32g4xx_hal_flash_ex.c" -mcpu=cortex-m4 -std=gnu11 -g3 -DDEBUG -DUSE_HAL_DRIVER -DSTM32G474xx -c -I../Core/Inc -I../Drivers/STM32G4xx_HAL_Driver/Inc -I../Drivers/STM32G4xx_HAL_Driver/Inc/Legacy -I../Drivers/CMSIS/Device/ST/STM32G4xx/Include -I../Drivers/CMSIS/Include -I../Middlewares/Third_Party/FreeRTOS/Source/include -I../Middlewares/Third_Party/FreeRTOS/Source/CMSIS_RTOS_V2 -I../Middlewares/Third_Party/FreeRTOS/Source/portable/GCC/ARM_CM4F -I"C:/Users/Sterm/Documents/GitHub/Rover_gruppo3/Codice_Rover/Progetto_Board2" -I"C:/Users/Sterm/Documents/GitHub/Rover_gruppo3/Codice_Rover" -I"C:/Users/Sterm/Documents/GitHub/Rover_gruppo3/Codice_Rover/Progetto_Board2/.." -I"C:/Users/Sterm/Documents/GitHub/Rover_gruppo3/Codice_Rover/Progetto_Board2/Drivers/SupervisorB2" -O0 -ffunction-sections -fdata-sections -Wall -fstack-usage -fcyclomatic-complexity -MMD -MP -MF"Drivers/STM32G4xx_HAL_Driver/Src/stm32g4xx_hal_flash_ex.d" -MT"Drivers/STM32G4xx_HAL_Driver/Src/stm32g4xx_hal_flash_ex.o" --specs=nano.specs -mfpu=fpv4-sp-d16 -mfloat-abi=hard -mthumb -o "Drivers/STM32G4xx_HAL_Driver/Src/stm32g4xx_hal_flash_ex.o"
arm-none-eabi-gcc "../Drivers/STM32G4xx_HAL_Driver/Src/stm32g4xx_hal_flash_ramfunc.c" -mcpu=cortex-m4 -std=gnu11 -g3 -DDEBUG -DUSE_HAL_DRIVER -DSTM32G474xx -c -I../Core/Inc -I../Drivers/STM32G4xx_HAL_Driver/Inc -I../Drivers/STM32G4xx_HAL_Driver/Inc/Legacy -I../Drivers/CMSIS/Device/ST/STM32G4xx/Include -I../Drivers/CMSIS/Include -I../Middlewares/Third_Party/FreeRTOS/Source/include -I../Middlewares/Third_Party/FreeRTOS/Source/CMSIS_RTOS_V2 -I../Middlewares/Third_Party/FreeRTOS/Source/portable/GCC/ARM_CM4F -I"C:/Users/Sterm/Documents/GitHub/Rover_gruppo3/Codice_Rover/Progetto_Board2" -I"C:/Users/Sterm/Documents/GitHub/Rover_gruppo3/Codice_Rover" -I"C:/Users/Sterm/Documents/GitHub/Rover_gruppo3/Codice_Rover/Progetto_Board2/.." -I"C:/Users/Sterm/Documents/GitHub/Rover_gruppo3/Codice_Rover/Progetto_Board2/Drivers/SupervisorB2" -O0 -ffunction-sections -fdata-sections -Wall -fstack-usage -fcyclomatic-complexity -MMD -MP -MF"Drivers/STM32G4xx_HAL_Driver/Src/stm32g4xx_hal_flash_ramfunc.d" -MT"Drivers/STM32G4xx_HAL_Driver/Src/stm32g4xx_hal_flash_ramfunc.o" --specs=nano.specs -mfpu=fpv4-sp-d16 -mfloat-abi=hard -mthumb -o "Drivers/STM32G4xx_HAL_Driver/Src/stm32g4xx_hal_flash_ramfunc.o"
arm-none-eabi-gcc "../Drivers/STM32G4xx_HAL_Driver/Src/stm32g4xx_hal_gpio.c" -mcpu=cortex-m4 -std=gnu11 -g3 -DDEBUG -DUSE_HAL_DRIVER -DSTM32G474xx -c -I../Core/Inc -I../Drivers/STM32G4xx_HAL_Driver/Inc -I../Drivers/STM32G4xx_HAL_Driver/Inc/Legacy -I../Drivers/CMSIS/Device/ST/STM32G4xx/Include -I../Drivers/CMSIS/Include -I../Middlewares/Third_Party/FreeRTOS/Source/include -I../Middlewares/Third_Party/FreeRTOS/Source/CMSIS_RTOS_V2 -I../Middlewares/Third_Party/FreeRTOS/Source/portable/GCC/ARM_CM4F -I"C:/Users/Sterm/Documents/GitHub/Rover_gruppo3/Codice_Rover/Progetto_Board2" -I"C:/Users/Sterm/Documents/GitHub/Rover_gruppo3/Codice_Rover" -I"C:/Users/Sterm/Documents/GitHub/Rover_gruppo3/Codice_Rover/Progetto_Board2/.." -I"C:/Users/Sterm/Documents/GitHub/Rover_gruppo3/Codice_Rover/Progetto_Board2/Drivers/SupervisorB2" -O0 -ffunction-sections -fdata-sections -Wall -fstack-usage -fcyclomatic-complexity -MMD -MP -MF"Drivers/STM32G4xx_HAL_Driver/Src/stm32g4xx_hal_gpio.d" -MT"Drivers/STM32G4xx_HAL_Driver/Src/stm32g4xx_hal_gpio.o" --specs=nano.specs -mfpu=fpv4-sp-d16 -mfloat-abi=hard -mthumb -o "Drivers/STM32G4xx_HAL_Driver/Src/stm32g4xx_hal_gpio.o"
arm-none-eabi-gcc "../Drivers/STM32G4xx_HAL_Driver/Src/stm32g4xx_hal_i2c.c" -mcpu=cortex-m4 -std=gnu11 -g3 -DDEBUG -DUSE_HAL_DRIVER -DSTM32G474xx -c -I../Core/Inc -I../Drivers/STM32G4xx_HAL_Driver/Inc -I../Drivers/STM32G4xx_HAL_Driver/Inc/Legacy -I../Drivers/CMSIS/Device/ST/STM32G4xx/Include -I../Drivers/CMSIS/Include -I../Middlewares/Third_Party/FreeRTOS/Source/include -I../Middlewares/Third_Party/FreeRTOS/Source/CMSIS_RTOS_V2 -I../Middlewares/Third_Party/FreeRTOS/Source/portable/GCC/ARM_CM4F -I"C:/Users/Sterm/Documents/GitHub/Rover_gruppo3/Codice_Rover/Progetto_Board2" -I"C:/Users/Sterm/Documents/GitHub/Rover_gruppo3/Codice_Rover" -I"C:/Users/Sterm/Documents/GitHub/Rover_gruppo3/Codice_Rover/Progetto_Board2/.." -I"C:/Users/Sterm/Documents/GitHub/Rover_gruppo3/Codice_Rover/Progetto_Board2/Drivers/SupervisorB2" -O0 -ffunction-sections -fdata-sections -Wall -fstack-usage -fcyclomatic-complexity -MMD -MP -MF"Drivers/STM32G4xx_HAL_Driver/Src/stm32g4xx_hal_i2c.d" -MT"Drivers/STM32G4xx_HAL_Driver/Src/stm32g4xx_hal_i2c.o" --specs=nano.specs -mfpu=fpv4-sp-d16 -mfloat-abi=hard -mthumb -o "Drivers/STM32G4xx_HAL_Driver/Src/stm32g4xx_hal_i2c.o"
arm-none-eabi-gcc "../Drivers/STM32G4xx_HAL_Driver/Src/stm32g4xx_hal_i2c_ex.c" -mcpu=cortex-m4 -std=gnu11 -g3 -DDEBUG -DUSE_HAL_DRIVER -DSTM32G474xx -c -I../Core/Inc -I../Drivers/STM32G4xx_HAL_Driver/Inc -I../Drivers/STM32G4xx_HAL_Driver/Inc/Legacy -I../Drivers/CMSIS/Device/ST/STM32G4xx/Include -I../Drivers/CMSIS/Include -I../Middlewares/Third_Party/FreeRTOS/Source/include -I../Middlewares/Third_Party/FreeRTOS/Source/CMSIS_RTOS_V2 -I../Middlewares/Third_Party/FreeRTOS/Source/portable/GCC/ARM_CM4F -I"C:/Users/Sterm/Documents/GitHub/Rover_gruppo3/Codice_Rover/Progetto_Board2" -I"C:/Users/Sterm/Documents/GitHub/Rover_gruppo3/Codice_Rover" -I"C:/Users/Sterm/Documents/GitHub/Rover_gruppo3/Codice_Rover/Progetto_Board2/.." -I"C:/Users/Sterm/Documents/GitHub/Rover_gruppo3/Codice_Rover/Progetto_Board2/Drivers/SupervisorB2" -O0 -ffunction-sections -fdata-sections -Wall -fstack-usage -fcyclomatic-complexity -MMD -MP -MF"Drivers/STM32G4xx_HAL_Driver/Src/stm32g4xx_hal_i2c_ex.d" -MT"Drivers/STM32G4xx_HAL_Driver/Src/stm32g4xx_hal_i2c_ex.o" --specs=nano.specs -mfpu=fpv4-sp-d16 -mfloat-abi=hard -mthumb -o "Drivers/STM32G4xx_HAL_Driver/Src/stm32g4xx_hal_i2c_ex.o"
arm-none-eabi-gcc "../Drivers/STM32G4xx_HAL_Driver/Src/stm32g4xx_hal_pwr.c" -mcpu=cortex-m4 -std=gnu11 -g3 -DDEBUG -DUSE_HAL_DRIVER -DSTM32G474xx -c -I../Core/Inc -I../Drivers/STM32G4xx_HAL_Driver/Inc -I../Drivers/STM32G4xx_HAL_Driver/Inc/Legacy -I../Drivers/CMSIS/Device/ST/STM32G4xx/Include -I../Drivers/CMSIS/Include -I../Middlewares/Third_Party/FreeRTOS/Source/include -I../Middlewares/Third_Party/FreeRTOS/Source/CMSIS_RTOS_V2 -I../Middlewares/Third_Party/FreeRTOS/Source/portable/GCC/ARM_CM4F -I"C:/Users/Sterm/Documents/GitHub/Rover_gruppo3/Codice_Rover/Progetto_Board2" -I"C:/Users/Sterm/Documents/GitHub/Rover_gruppo3/Codice_Rover" -I"C:/Users/Sterm/Documents/GitHub/Rover_gruppo3/Codice_Rover/Progetto_Board2/.." -I"C:/Users/Sterm/Documents/GitHub/Rover_gruppo3/Codice_Rover/Progetto_Board2/Drivers/SupervisorB2" -O0 -ffunction-sections -fdata-sections -Wall -fstack-usage -fcyclomatic-complexity -MMD -MP -MF"Drivers/STM32G4xx_HAL_Driver/Src/stm32g4xx_hal_pwr.d" -MT"Drivers/STM32G4xx_HAL_Driver/Src/stm32g4xx_hal_pwr.o" --specs=nano.specs -mfpu=fpv4-sp-d16 -mfloat-abi=hard -mthumb -o "Drivers/STM32G4xx_HAL_Driver/Src/stm32g4xx_hal_pwr.o"
arm-none-eabi-gcc "../Drivers/STM32G4xx_HAL_Driver/Src/stm32g4xx_hal_pwr_ex.c" -mcpu=cortex-m4 -std=gnu11 -g3 -DDEBUG -DUSE_HAL_DRIVER -DSTM32G474xx -c -I../Core/Inc -I../Drivers/STM32G4xx_HAL_Driver/Inc -I../Drivers/STM32G4xx_HAL_Driver/Inc/Legacy -I../Drivers/CMSIS/Device/ST/STM32G4xx/Include -I../Drivers/CMSIS/Include -I../Middlewares/Third_Party/FreeRTOS/Source/include -I../Middlewares/Third_Party/FreeRTOS/Source/CMSIS_RTOS_V2 -I../Middlewares/Third_Party/FreeRTOS/Source/portable/GCC/ARM_CM4F -I"C:/Users/Sterm/Documents/GitHub/Rover_gruppo3/Codice_Rover/Progetto_Board2" -I"C:/Users/Sterm/Documents/GitHub/Rover_gruppo3/Codice_Rover" -I"C:/Users/Sterm/Documents/GitHub/Rover_gruppo3/Codice_Rover/Progetto_Board2/.." -I"C:/Users/Sterm/Documents/GitHub/Rover_gruppo3/Codice_Rover/Progetto_Board2/Drivers/SupervisorB2" -O0 -ffunction-sections -fdata-sections -Wall -fstack-usage -fcyclomatic-complexity -MMD -MP -MF"Drivers/STM32G4xx_HAL_Driver/Src/stm32g4xx_hal_pwr_ex.d" -MT"Drivers/STM32G4xx_HAL_Driver/Src/stm32g4xx_hal_pwr_ex.o" --specs=nano.specs -mfpu=fpv4-sp-d16 -mfloat-abi=hard -mthumb -o "Drivers/STM32G4xx_HAL_Driver/Src/stm32g4xx_hal_pwr_ex.o"
arm-none-eabi-gcc "../Drivers/STM32G4xx_HAL_Driver/Src/stm32g4xx_hal_rcc.c" -mcpu=cortex-m4 -std=gnu11 -g3 -DDEBUG -DUSE_HAL_DRIVER -DSTM32G474xx -c -I../Core/Inc -I../Drivers/STM32G4xx_HAL_Driver/Inc -I../Drivers/STM32G4xx_HAL_Driver/Inc/Legacy -I../Drivers/CMSIS/Device/ST/STM32G4xx/Include -I../Drivers/CMSIS/Include -I../Middlewares/Third_Party/FreeRTOS/Source/include -I../Middlewares/Third_Party/FreeRTOS/Source/CMSIS_RTOS_V2 -I../Middlewares/Third_Party/FreeRTOS/Source/portable/GCC/ARM_CM4F -I"C:/Users/Sterm/Documents/GitHub/Rover_gruppo3/Codice_Rover/Progetto_Board2" -I"C:/Users/Sterm/Documents/GitHub/Rover_gruppo3/Codice_Rover" -I"C:/Users/Sterm/Documents/GitHub/Rover_gruppo3/Codice_Rover/Progetto_Board2/.." -I"C:/Users/Sterm/Documents/GitHub/Rover_gruppo3/Codice_Rover/Progetto_Board2/Drivers/SupervisorB2" -O0 -ffunction-sections -fdata-sections -Wall -fstack-usage -fcyclomatic-complexity -MMD -MP -MF"Drivers/STM32G4xx_HAL_Driver/Src/stm32g4xx_hal_rcc.d" -MT"Drivers/STM32G4xx_HAL_Driver/Src/stm32g4xx_hal_rcc.o" --specs=nano.specs -mfpu=fpv4-sp-d16 -mfloat-abi=hard -mthumb -o "Drivers/STM32G4xx_HAL_Driver/Src/stm32g4xx_hal_rcc.o"
arm-none-eabi-gcc "../Drivers/STM32G4xx_HAL_Driver/Src/stm32g4xx_hal_rcc_ex.c" -mcpu=cortex-m4 -std=gnu11 -g3 -DDEBUG -DUSE_HAL_DRIVER -DSTM32G474xx -c -I../Core/Inc -I../Drivers/STM32G4xx_HAL_Driver/Inc -I../Drivers/STM32G4xx_HAL_Driver/Inc/Legacy -I../Drivers/CMSIS/Device/ST/STM32G4xx/Include -I../Drivers/CMSIS/Include -I../Middlewares/Third_Party/FreeRTOS/Source/include -I../Middlewares/Third_Party/FreeRTOS/Source/CMSIS_RTOS_V2 -I../Middlewares/Third_Party/FreeRTOS/Source/portable/GCC/ARM_CM4F -I"C:/Users/Sterm/Documents/GitHub/Rover_gruppo3/Codice_Rover/Progetto_Board2" -I"C:/Users/Sterm/Documents/GitHub/Rover_gruppo3/Codice_Rover" -I"C:/Users/Sterm/Documents/GitHub/Rover_gruppo3/Codice_Rover/Progetto_Board2/.." -I"C:/Users/Sterm/Documents/GitHub/Rover_gruppo3/Codice_Rover/Progetto_Board2/Drivers/SupervisorB2" -O0 -ffunction-sections -fdata-sections -Wall -fstack-usage -fcyclomatic-complexity -MMD -MP -MF"Drivers/STM32G4xx_HAL_Driver/Src/stm32g4xx_hal_rcc_ex.d" -MT"Drivers/STM32G4xx_HAL_Driver/Src/stm32g4xx_hal_rcc_ex.o" --specs=nano.specs -mfpu=fpv4-sp-d16 -mfloat-abi=hard -mthumb -o "Drivers/STM32G4xx_HAL_Driver/Src/stm32g4xx_hal_rcc_ex.o"
arm-none-eabi-gcc "../Drivers/STM32G4xx_HAL_Driver/Src/stm32g4xx_hal_tim.c" -mcpu=cortex-m4 -std=gnu11 -g3 -DDEBUG -DUSE_HAL_DRIVER -DSTM32G474xx -c -I../Core/Inc -I../Drivers/STM32G4xx_HAL_Driver/Inc -I../Drivers/STM32G4xx_HAL_Driver/Inc/Legacy -I../Drivers/CMSIS/Device/ST/STM32G4xx/Include -I../Drivers/CMSIS/Include -I../Middlewares/Third_Party/FreeRTOS/Source/include -I../Middlewares/Third_Party/FreeRTOS/Source/CMSIS_RTOS_V2 -I../Middlewares/Third_Party/FreeRTOS/Source/portable/GCC/ARM_CM4F -I"C:/Users/Sterm/Documents/GitHub/Rover_gruppo3/Codice_Rover/Progetto_Board2" -I"C:/Users/Sterm/Documents/GitHub/Rover_gruppo3/Codice_Rover" -I"C:/Users/Sterm/Documents/GitHub/Rover_gruppo3/Codice_Rover/Progetto_Board2/.." -I"C:/Users/Sterm/Documents/GitHub/Rover_gruppo3/Codice_Rover/Progetto_Board2/Drivers/SupervisorB2" -O0 -ffunction-sections -fdata-sections -Wall -fstack-usage -fcyclomatic-complexity -MMD -MP -MF"Drivers/STM32G4xx_HAL_Driver/Src/stm32g4xx_hal_tim.d" -MT"Drivers/STM32G4xx_HAL_Driver/Src/stm32g4xx_hal_tim.o" --specs=nano.specs -mfpu=fpv4-sp-d16 -mfloat-abi=hard -mthumb -o "Drivers/STM32G4xx_HAL_Driver/Src/stm32g4xx_hal_tim.o"
arm-none-eabi-gcc "../Drivers/STM32G4xx_HAL_Driver/Src/stm32g4xx_hal_tim_ex.c" -mcpu=cortex-m4 -std=gnu11 -g3 -DDEBUG -DUSE_HAL_DRIVER -DSTM32G474xx -c -I../Core/Inc -I../Drivers/STM32G4xx_HAL_Driver/Inc -I../Drivers/STM32G4xx_HAL_Driver/Inc/Legacy -I../Drivers/CMSIS/Device/ST/STM32G4xx/Include -I../Drivers/CMSIS/Include -I../Middlewares/Third_Party/FreeRTOS/Source/include -I../Middlewares/Third_Party/FreeRTOS/Source/CMSIS_RTOS_V2 -I../Middlewares/Third_Party/FreeRTOS/Source/portable/GCC/ARM_CM4F -I"C:/Users/Sterm/Documents/GitHub/Rover_gruppo3/Codice_Rover/Progetto_Board2" -I"C:/Users/Sterm/Documents/GitHub/Rover_gruppo3/Codice_Rover" -I"C:/Users/Sterm/Documents/GitHub/Rover_gruppo3/Codice_Rover/Progetto_Board2/.." -I"C:/Users/Sterm/Documents/GitHub/Rover_gruppo3/Codice_Rover/Progetto_Board2/Drivers/SupervisorB2" -O0 -ffunction-sections -fdata-sections -Wall -fstack-usage -fcyclomatic-complexity -MMD -MP -MF"Drivers/STM32G4xx_HAL_Driver/Src/stm32g4xx_hal_tim_ex.d" -MT"Drivers/STM32G4xx_HAL_Driver/Src/stm32g4xx_hal_tim_ex.o" --specs=nano.specs -mfpu=fpv4-sp-d16 -mfloat-abi=hard -mthumb -o "Drivers/STM32G4xx_HAL_Driver/Src/stm32g4xx_hal_tim_ex.o"
arm-none-eabi-gcc "../Drivers/STM32G4xx_HAL_Driver/Src/stm32g4xx_hal_uart.c" -mcpu=cortex-m4 -std=gnu11 -g3 -DDEBUG -DUSE_HAL_DRIVER -DSTM32G474xx -c -I../Core/Inc -I../Drivers/STM32G4xx_HAL_Driver/Inc -I../Drivers/STM32G4xx_HAL_Driver/Inc/Legacy -I../Drivers/CMSIS/Device/ST/STM32G4xx/Include -I../Drivers/CMSIS/Include -I../Middlewares/Third_Party/FreeRTOS/Source/include -I../Middlewares/Third_Party/FreeRTOS/Source/CMSIS_RTOS_V2 -I../Middlewares/Third_Party/FreeRTOS/Source/portable/GCC/ARM_CM4F -I"C:/Users/Sterm/Documents/GitHub/Rover_gruppo3/Codice_Rover/Progetto_Board2" -I"C:/Users/Sterm/Documents/GitHub/Rover_gruppo3/Codice_Rover" -I"C:/Users/Sterm/Documents/GitHub/Rover_gruppo3/Codice_Rover/Progetto_Board2/.." -I"C:/Users/Sterm/Documents/GitHub/Rover_gruppo3/Codice_Rover/Progetto_Board2/Drivers/SupervisorB2" -O0 -ffunction-sections -fdata-sections -Wall -fstack-usage -fcyclomatic-complexity -MMD -MP -MF"Drivers/STM32G4xx_HAL_Driver/Src/stm32g4xx_hal_uart.d" -MT"Drivers/STM32G4xx_HAL_Driver/Src/stm32g4xx_hal_uart.o" --specs=nano.specs -mfpu=fpv4-sp-d16 -mfloat-abi=hard -mthumb -o "Drivers/STM32G4xx_HAL_Driver/Src/stm32g4xx_hal_uart.o"
arm-none-eabi-gcc "../Drivers/STM32G4xx_HAL_Driver/Src/stm32g4xx_hal_uart_ex.c" -mcpu=cortex-m4 -std=gnu11 -g3 -DDEBUG -DUSE_HAL_DRIVER -DSTM32G474xx -c -I../Core/Inc -I../Drivers/STM32G4xx_HAL_Driver/Inc -I../Drivers/STM32G4xx_HAL_Driver/Inc/Legacy -I../Drivers/CMSIS/Device/ST/STM32G4xx/Include -I../Drivers/CMSIS/Include -I../Middlewares/Third_Party/FreeRTOS/Source/include -I../Middlewares/Third_Party/FreeRTOS/Source/CMSIS_RTOS_V2 -I../Middlewares/Third_Party/FreeRTOS/Source/portable/GCC/ARM_CM4F -I"C:/Users/Sterm/Documents/GitHub/Rover_gruppo3/Codice_Rover/Progetto_Board2" -I"C:/Users/Sterm/Documents/GitHub/Rover_gruppo3/Codice_Rover" -I"C:/Users/Sterm/Documents/GitHub/Rover_gruppo3/Codice_Rover/Progetto_Board2/.." -I"C:/Users/Sterm/Documents/GitHub/Rover_gruppo3/Codice_Rover/Progetto_Board2/Drivers/SupervisorB2" -O0 -ffunction-sections -fdata-sections -Wall -fstack-usage -fcyclomatic-complexity -MMD -MP -MF"Drivers/STM32G4xx_HAL_Driver/Src/stm32g4xx_hal_uart_ex.d" -MT"Drivers/STM32G4xx_HAL_Driver/Src/stm32g4xx_hal_uart_ex.o" --specs=nano.specs -mfpu=fpv4-sp-d16 -mfloat-abi=hard -mthumb -o "Drivers/STM32G4xx_HAL_Driver/Src/stm32g4xx_hal_uart_ex.o"
arm-none-eabi-gcc -mcpu=cortex-m4 -g3 -DDEBUG -c -I../Core/Inc -I../Drivers/STM32G4xx_HAL_Driver/Inc -I../Drivers/STM32G4xx_HAL_Driver/Inc/Legacy -I../Middlewares/Third_Party/FreeRTOS/Source/include -I../Middlewares/Third_Party/FreeRTOS/Source/CMSIS_RTOS_V2 -I../Middlewares/Third_Party/FreeRTOS/Source/portable/GCC/ARM_CM4F -I../Drivers/CMSIS/Device/ST/STM32G4xx/Include -I../Drivers/CMSIS/Include -x assembler-with-cpp -MMD -MP -MF"Core/Startup/startup_stm32g474retx.d" -MT"Core/Startup/startup_stm32g474retx.o" --specs=nano.specs -mfpu=fpv4-sp-d16 -mfloat-abi=hard -mthumb -o "Core/Startup/startup_stm32g474retx.o" "../Core/Startup/startup_stm32g474retx.s"
arm-none-eabi-gcc "../Core/Src/supervisor/supervisor_task.c" -mcpu=cortex-m4 -std=gnu11 -g3 -DDEBUG -DUSE_HAL_DRIVER -DSTM32G474xx -c -I../Core/Inc -I../Drivers/STM32G4xx_HAL_Driver/Inc -I../Drivers/STM32G4xx_HAL_Driver/Inc/Legacy -I../Drivers/CMSIS/Device/ST/STM32G4xx/Include -I../Drivers/CMSIS/Include -I../Middlewares/Third_Party/FreeRTOS/Source/include -I../Middlewares/Third_Party/FreeRTOS/Source/CMSIS_RTOS_V2 -I../Middlewares/Third_Party/FreeRTOS/Source/portable/GCC/ARM_CM4F -I"C:/Users/Sterm/Documents/GitHub/Rover_gruppo3/Codice_Rover/Progetto_Board2" -I"C:/Users/Sterm/Documents/GitHub/Rover_gruppo3/Codice_Rover" -I"C:/Users/Sterm/Documents/GitHub/Rover_gruppo3/Codice_Rover/Progetto_Board2/.." -I"C:/Users/Sterm/Documents/GitHub/Rover_gruppo3/Codice_Rover/Progetto_Board2/Drivers/SupervisorB2" -O0 -ffunction-sections -fdata-sections -Wall -fstack-usage -fcyclomatic-complexity -MMD -MP -MF"Core/Src/supervisor/supervisor_task.d" -MT"Core/Src/supervisor/supervisor_task.o" --specs=nano.specs -mfpu=fpv4-sp-d16 -mfloat-abi=hard -mthumb -o "Core/Src/supervisor/supervisor_task.o"
arm-none-eabi-gcc "../Core/Src/sonar/sonar_hw.c" -mcpu=cortex-m4 -std=gnu11 -g3 -DDEBUG -DUSE_HAL_DRIVER -DSTM32G474xx -c -I../Core/Inc -I../Drivers/STM32G4xx_HAL_Driver/Inc -I../Drivers/STM32G4xx_HAL_Driver/Inc/Legacy -I../Drivers/CMSIS/Device/ST/STM32G4xx/Include -I../Drivers/CMSIS/Include -I../Middlewares/Third_Party/FreeRTOS/Source/include -I../Middlewares/Third_Party/FreeRTOS/Source/CMSIS_RTOS_V2 -I../Middlewares/Third_Party/FreeRTOS/Source/portable/GCC/ARM_CM4F -I"C:/Users/Sterm/Documents/GitHub/Rover_gruppo3/Codice_Rover/Progetto_Board2" -I"C:/Users/Sterm/Documents/GitHub/Rover_gruppo3/Codice_Rover" -I"C:/Users/Sterm/Documents/GitHub/Rover_gruppo3/Codice_Rover/Progetto_Board2/.." -I"C:/Users/Sterm/Documents/GitHub/Rover_gruppo3/Codice_Rover/Progetto_Board2/Drivers/SupervisorB2" -O0 -ffunction-sections -fdata-sections -Wall -fstack-usage -fcyclomatic-complexity -MMD -MP -MF"Core/Src/sonar/sonar_hw.d" -MT"Core/Src/sonar/sonar_hw.o" --specs=nano.specs -mfpu=fpv4-sp-d16 -mfloat-abi=hard -mthumb -o "Core/Src/sonar/sonar_hw.o"
arm-none-eabi-gcc "../Core/Src/sonar/sonar_task.c" -mcpu=cortex-m4 -std=gnu11 -g3 -DDEBUG -DUSE_HAL_DRIVER -DSTM32G474xx -c -I../Core/Inc -I../Drivers/STM32G4xx_HAL_Driver/Inc -I../Drivers/STM32G4xx_HAL_Driver/Inc/Legacy -I../Drivers/CMSIS/Device/ST/STM32G4xx/Include -I../Drivers/CMSIS/Include -I../Middlewares/Third_Party/FreeRTOS/Source/include -I../Middlewares/Third_Party/FreeRTOS/Source/CMSIS_RTOS_V2 -I../Middlewares/Third_Party/FreeRTOS/Source/portable/GCC/ARM_CM4F -I"C:/Users/Sterm/Documents/GitHub/Rover_gruppo3/Codice_Rover/Progetto_Board2" -I"C:/Users/Sterm/Documents/GitHub/Rover_gruppo3/Codice_Rover" -I"C:/Users/Sterm/Documents/GitHub/Rover_gruppo3/Codice_Rover/Progetto_Board2/.." -I"C:/Users/Sterm/Documents/GitHub/Rover_gruppo3/Codice_Rover/Progetto_Board2/Drivers/SupervisorB2" -O0 -ffunction-sections -fdata-sections -Wall -fstack-usage -fcyclomatic-complexity -MMD -MP -MF"Core/Src/sonar/sonar_task.d" -MT"Core/Src/sonar/sonar_task.o" --specs=nano.specs -mfpu=fpv4-sp-d16 -mfloat-abi=hard -mthumb -o "Core/Src/sonar/sonar_task.o"
arm-none-eabi-gcc "../Core/Src/snapshot/ble_controller_snapshot.c" -mcpu=cortex-m4 -std=gnu11 -g3 -DDEBUG -DUSE_HAL_DRIVER -DSTM32G474xx -c -I../Core/Inc -I../Drivers/STM32G4xx_HAL_Driver/Inc -I../Drivers/STM32G4xx_HAL_Driver/Inc/Legacy -I../Drivers/CMSIS/Device/ST/STM32G4xx/Include -I../Drivers/CMSIS/Include -I../Middlewares/Third_Party/FreeRTOS/Source/include -I../Middlewares/Third_Party/FreeRTOS/Source/CMSIS_RTOS_V2 -I../Middlewares/Third_Party/FreeRTOS/Source/portable/GCC/ARM_CM4F -I"C:/Users/Sterm/Documents/GitHub/Rover_gruppo3/Codice_Rover/Progetto_Board2" -I"C:/Users/Sterm/Documents/GitHub/Rover_gruppo3/Codice_Rover" -I"C:/Users/Sterm/Documents/GitHub/Rover_gruppo3/Codice_Rover/Progetto_Board2/.." -I"C:/Users/Sterm/Documents/GitHub/Rover_gruppo3/Codice_Rover/Progetto_Board2/Drivers/SupervisorB2" -O0 -ffunction-sections -fdata-sections -Wall -fstack-usage -fcyclomatic-complexity -MMD -MP -MF"Core/Src/snapshot/ble_controller_snapshot.d" -MT"Core/Src/snapshot/ble_controller_snapshot.o" --specs=nano.specs -mfpu=fpv4-sp-d16 -mfloat-abi=hard -mthumb -o "Core/Src/snapshot/ble_controller_snapshot.o"
arm-none-eabi-gcc "../Core/Src/snapshot/imu_snapshot.c" -mcpu=cortex-m4 -std=gnu11 -g3 -DDEBUG -DUSE_HAL_DRIVER -DSTM32G474xx -c -I../Core/Inc -I../Drivers/STM32G4xx_HAL_Driver/Inc -I../Drivers/STM32G4xx_HAL_Driver/Inc/Legacy -I../Drivers/CMSIS/Device/ST/STM32G4xx/Include -I../Drivers/CMSIS/Include -I../Middlewares/Third_Party/FreeRTOS/Source/include -I../Middlewares/Third_Party/FreeRTOS/Source/CMSIS_RTOS_V2 -I../Middlewares/Third_Party/FreeRTOS/Source/portable/GCC/ARM_CM4F -I"C:/Users/Sterm/Documents/GitHub/Rover_gruppo3/Codice_Rover/Progetto_Board2" -I"C:/Users/Sterm/Documents/GitHub/Rover_gruppo3/Codice_Rover" -I"C:/Users/Sterm/Documents/GitHub/Rover_gruppo3/Codice_Rover/Progetto_Board2/.." -I"C:/Users/Sterm/Documents/GitHub/Rover_gruppo3/Codice_Rover/Progetto_Board2/Drivers/SupervisorB2" -O0 -ffunction-sections -fdata-sections -Wall -fstack-usage -fcyclomatic-complexity -MMD -MP -MF"Core/Src/snapshot/imu_snapshot.d" -MT"Core/Src/snapshot/imu_snapshot.o" --specs=nano.specs -mfpu=fpv4-sp-d16 -mfloat-abi=hard -mthumb -o "Core/Src/snapshot/imu_snapshot.o"
arm-none-eabi-gcc "../Core/Src/snapshot/rx_snapshot.c" -mcpu=cortex-m4 -std=gnu11 -g3 -DDEBUG -DUSE_HAL_DRIVER -DSTM32G474xx -c -I../Core/Inc -I../Drivers/STM32G4xx_HAL_Driver/Inc -I../Drivers/STM32G4xx_HAL_Driver/Inc/Legacy -I../Drivers/CMSIS/Device/ST/STM32G4xx/Include -I../Drivers/CMSIS/Include -I../Middlewares/Third_Party/FreeRTOS/Source/include -I../Middlewares/Third_Party/FreeRTOS/Source/CMSIS_RTOS_V2 -I../Middlewares/Third_Party/FreeRTOS/Source/portable/GCC/ARM_CM4F -I"C:/Users/Sterm/Documents/GitHub/Rover_gruppo3/Codice_Rover/Progetto_Board2" -I"C:/Users/Sterm/Documents/GitHub/Rover_gruppo3/Codice_Rover" -I"C:/Users/Sterm/Documents/GitHub/Rover_gruppo3/Codice_Rover/Progetto_Board2/.." -I"C:/Users/Sterm/Documents/GitHub/Rover_gruppo3/Codice_Rover/Progetto_Board2/Drivers/SupervisorB2" -O0 -ffunction-sections -fdata-sections -Wall -fstack-usage -fcyclomatic-complexity -MMD -MP -MF"Core/Src/snapshot/rx_snapshot.d" -MT"Core/Src/snapshot/rx_snapshot.o" --specs=nano.specs -mfpu=fpv4-sp-d16 -mfloat-abi=hard -mthumb -o "Core/Src/snapshot/rx_snapshot.o"
arm-none-eabi-gcc "../Core/Src/snapshot/sonar_snapshot.c" -mcpu=cortex-m4 -std=gnu11 -g3 -DDEBUG -DUSE_HAL_DRIVER -DSTM32G474xx -c -I../Core/Inc -I../Drivers/STM32G4xx_HAL_Driver/Inc -I../Drivers/STM32G4xx_HAL_Driver/Inc/Legacy -I../Drivers/CMSIS/Device/ST/STM32G4xx/Include -I../Drivers/CMSIS/Include -I../Middlewares/Third_Party/FreeRTOS/Source/include -I../Middlewares/Third_Party/FreeRTOS/Source/CMSIS_RTOS_V2 -I../Middlewares/Third_Party/FreeRTOS/Source/portable/GCC/ARM_CM4F -I"C:/Users/Sterm/Documents/GitHub/Rover_gruppo3/Codice_Rover/Progetto_Board2" -I"C:/Users/Sterm/Documents/GitHub/Rover_gruppo3/Codice_Rover" -I"C:/Users/Sterm/Documents/GitHub/Rover_gruppo3/Codice_Rover/Progetto_Board2/.." -I"C:/Users/Sterm/Documents/GitHub/Rover_gruppo3/Codice_Rover/Progetto_Board2/Drivers/SupervisorB2" -O0 -ffunction-sections -fdata-sections -Wall -fstack-usage -fcyclomatic-complexity -MMD -MP -MF"Core/Src/snapshot/sonar_snapshot.d" -MT"Core/Src/snapshot/sonar_snapshot.o" --specs=nano.specs -mfpu=fpv4-sp-d16 -mfloat-abi=hard -mthumb -o "Core/Src/snapshot/sonar_snapshot.o"
arm-none-eabi-gcc "../Core/Src/snapshot/supervisor_snapshot.c" -mcpu=cortex-m4 -std=gnu11 -g3 -DDEBUG -DUSE_HAL_DRIVER -DSTM32G474xx -c -I../Core/Inc -I../Drivers/STM32G4xx_HAL_Driver/Inc -I../Drivers/STM32G4xx_HAL_Driver/Inc/Legacy -I../Drivers/CMSIS/Device/ST/STM32G4xx/Include -I../Drivers/CMSIS/Include -I../Middlewares/Third_Party/FreeRTOS/Source/include -I../Middlewares/Third_Party/FreeRTOS/Source/CMSIS_RTOS_V2 -I../Middlewares/Third_Party/FreeRTOS/Source/portable/GCC/ARM_CM4F -I"C:/Users/Sterm/Documents/GitHub/Rover_gruppo3/Codice_Rover/Progetto_Board2" -I"C:/Users/Sterm/Documents/GitHub/Rover_gruppo3/Codice_Rover" -I"C:/Users/Sterm/Documents/GitHub/Rover_gruppo3/Codice_Rover/Progetto_Board2/.." -I"C:/Users/Sterm/Documents/GitHub/Rover_gruppo3/Codice_Rover/Progetto_Board2/Drivers/SupervisorB2" -O0 -ffunction-sections -fdata-sections -Wall -fstack-usage -fcyclomatic-complexity -MMD -MP -MF"Core/Src/snapshot/supervisor_snapshot.d" -MT"Core/Src/snapshot/supervisor_snapshot.o" --specs=nano.specs -mfpu=fpv4-sp-d16 -mfloat-abi=hard -mthumb -o "Core/Src/snapshot/supervisor_snapshot.o"
arm-none-eabi-gcc "../Core/Src/log/log_format.c" -mcpu=cortex-m4 -std=gnu11 -g3 -DDEBUG -DUSE_HAL_DRIVER -DSTM32G474xx -c -I../Core/Inc -I../Drivers/STM32G4xx_HAL_Driver/Inc -I../Drivers/STM32G4xx_HAL_Driver/Inc/Legacy -I../Drivers/CMSIS/Device/ST/STM32G4xx/Include -I../Drivers/CMSIS/Include -I../Middlewares/Third_Party/FreeRTOS/Source/include -I../Middlewares/Third_Party/FreeRTOS/Source/CMSIS_RTOS_V2 -I../Middlewares/Third_Party/FreeRTOS/Source/portable/GCC/ARM_CM4F -I"C:/Users/Sterm/Documents/GitHub/Rover_gruppo3/Codice_Rover/Progetto_Board2" -I"C:/Users/Sterm/Documents/GitHub/Rover_gruppo3/Codice_Rover" -I"C:/Users/Sterm/Documents/GitHub/Rover_gruppo3/Codice_Rover/Progetto_Board2/.." -I"C:/Users/Sterm/Documents/GitHub/Rover_gruppo3/Codice_Rover/Progetto_Board2/Drivers/SupervisorB2" -O0 -ffunction-sections -fdata-sections -Wall -fstack-usage -fcyclomatic-complexity -MMD -MP -MF"Core/Src/log/log_format.d" -MT"Core/Src/log/log_format.o" --specs=nano.specs -mfpu=fpv4-sp-d16 -mfloat-abi=hard -mthumb -o "Core/Src/log/log_format.o"
arm-none-eabi-gcc "../Core/Src/log/log_task.c" -mcpu=cortex-m4 -std=gnu11 -g3 -DDEBUG -DUSE_HAL_DRIVER -DSTM32G474xx -c -I../Core/Inc -I../Drivers/STM32G4xx_HAL_Driver/Inc -I../Drivers/STM32G4xx_HAL_Driver/Inc/Legacy -I../Drivers/CMSIS/Device/ST/STM32G4xx/Include -I../Drivers/CMSIS/Include -I../Middlewares/Third_Party/FreeRTOS/Source/include -I../Middlewares/Third_Party/FreeRTOS/Source/CMSIS_RTOS_V2 -I../Middlewares/Third_Party/FreeRTOS/Source/portable/GCC/ARM_CM4F -I"C:/Users/Sterm/Documents/GitHub/Rover_gruppo3/Codice_Rover/Progetto_Board2" -I"C:/Users/Sterm/Documents/GitHub/Rover_gruppo3/Codice_Rover" -I"C:/Users/Sterm/Documents/GitHub/Rover_gruppo3/Codice_Rover/Progetto_Board2/.." -I"C:/Users/Sterm/Documents/GitHub/Rover_gruppo3/Codice_Rover/Progetto_Board2/Drivers/SupervisorB2" -O0 -ffunction-sections -fdata-sections -Wall -fstack-usage -fcyclomatic-complexity -MMD -MP -MF"Core/Src/log/log_task.d" -MT"Core/Src/log/log_task.o" --specs=nano.specs -mfpu=fpv4-sp-d16 -mfloat-abi=hard -mthumb -o "Core/Src/log/log_task.o"
arm-none-eabi-gcc "../Core/Src/log/wcet_monitor.c" -mcpu=cortex-m4 -std=gnu11 -g3 -DDEBUG -DUSE_HAL_DRIVER -DSTM32G474xx -c -I../Core/Inc -I../Drivers/STM32G4xx_HAL_Driver/Inc -I../Drivers/STM32G4xx_HAL_Driver/Inc/Legacy -I../Drivers/CMSIS/Device/ST/STM32G4xx/Include -I../Drivers/CMSIS/Include -I../Middlewares/Third_Party/FreeRTOS/Source/include -I../Middlewares/Third_Party/FreeRTOS/Source/CMSIS_RTOS_V2 -I../Middlewares/Third_Party/FreeRTOS/Source/portable/GCC/ARM_CM4F -I"C:/Users/Sterm/Documents/GitHub/Rover_gruppo3/Codice_Rover/Progetto_Board2" -I"C:/Users/Sterm/Documents/GitHub/Rover_gruppo3/Codice_Rover" -I"C:/Users/Sterm/Documents/GitHub/Rover_gruppo3/Codice_Rover/Progetto_Board2/.." -I"C:/Users/Sterm/Documents/GitHub/Rover_gruppo3/Codice_Rover/Progetto_Board2/Drivers/SupervisorB2" -O0 -ffunction-sections -fdata-sections -Wall -fstack-usage -fcyclomatic-complexity -MMD -MP -MF"Core/Src/log/wcet_monitor.d" -MT"Core/Src/log/wcet_monitor.o" --specs=nano.specs -mfpu=fpv4-sp-d16 -mfloat-abi=hard -mthumb -o "Core/Src/log/wcet_monitor.o"
arm-none-eabi-gcc "../Core/Src/comm/comm_pack.c" -mcpu=cortex-m4 -std=gnu11 -g3 -DDEBUG -DUSE_HAL_DRIVER -DSTM32G474xx -c -I../Core/Inc -I../Drivers/STM32G4xx_HAL_Driver/Inc -I../Drivers/STM32G4xx_HAL_Driver/Inc/Legacy -I../Drivers/CMSIS/Device/ST/STM32G4xx/Include -I../Drivers/CMSIS/Include -I../Middlewares/Third_Party/FreeRTOS/Source/include -I../Middlewares/Third_Party/FreeRTOS/Source/CMSIS_RTOS_V2 -I../Middlewares/Third_Party/FreeRTOS/Source/portable/GCC/ARM_CM4F -I"C:/Users/Sterm/Documents/GitHub/Rover_gruppo3/Codice_Rover/Progetto_Board2" -I"C:/Users/Sterm/Documents/GitHub/Rover_gruppo3/Codice_Rover" -I"C:/Users/Sterm/Documents/GitHub/Rover_gruppo3/Codice_Rover/Progetto_Board2/.." -I"C:/Users/Sterm/Documents/GitHub/Rover_gruppo3/Codice_Rover/Progetto_Board2/Drivers/SupervisorB2" -O0 -ffunction-sections -fdata-sections -Wall -fstack-usage -fcyclomatic-complexity -MMD -MP -MF"Core/Src/comm/comm_pack.d" -MT"Core/Src/comm/comm_pack.o" --specs=nano.specs -mfpu=fpv4-sp-d16 -mfloat-abi=hard -mthumb -o "Core/Src/comm/comm_pack.o"
arm-none-eabi-gcc "../Core/Src/comm/comm_rx_task.c" -mcpu=cortex-m4 -std=gnu11 -g3 -DDEBUG -DUSE_HAL_DRIVER -DSTM32G474xx -c -I../Core/Inc -I../Drivers/STM32G4xx_HAL_Driver/Inc -I../Drivers/STM32G4xx_HAL_Driver/Inc/Legacy -I../Drivers/CMSIS/Device/ST/STM32G4xx/Include -I../Drivers/CMSIS/Include -I../Middlewares/Third_Party/FreeRTOS/Source/include -I../Middlewares/Third_Party/FreeRTOS/Source/CMSIS_RTOS_V2 -I../Middlewares/Third_Party/FreeRTOS/Source/portable/GCC/ARM_CM4F -I"C:/Users/Sterm/Documents/GitHub/Rover_gruppo3/Codice_Rover/Progetto_Board2" -I"C:/Users/Sterm/Documents/GitHub/Rover_gruppo3/Codice_Rover" -I"C:/Users/Sterm/Documents/GitHub/Rover_gruppo3/Codice_Rover/Progetto_Board2/.." -I"C:/Users/Sterm/Documents/GitHub/Rover_gruppo3/Codice_Rover/Progetto_Board2/Drivers/SupervisorB2" -O0 -ffunction-sections -fdata-sections -Wall -fstack-usage -fcyclomatic-complexity -MMD -MP -MF"Core/Src/comm/comm_rx_task.d" -MT"Core/Src/comm/comm_rx_task.o" --specs=nano.specs -mfpu=fpv4-sp-d16 -mfloat-abi=hard -mthumb -o "Core/Src/comm/comm_rx_task.o"
arm-none-eabi-gcc "../Core/Src/comm/comm_tx_task.c" -mcpu=cortex-m4 -std=gnu11 -g3 -DDEBUG -DUSE_HAL_DRIVER -DSTM32G474xx -c -I../Core/Inc -I../Drivers/STM32G4xx_HAL_Driver/Inc -I../Drivers/STM32G4xx_HAL_Driver/Inc/Legacy -I../Drivers/CMSIS/Device/ST/STM32G4xx/Include -I../Drivers/CMSIS/Include -I../Middlewares/Third_Party/FreeRTOS/Source/include -I../Middlewares/Third_Party/FreeRTOS/Source/CMSIS_RTOS_V2 -I../Middlewares/Third_Party/FreeRTOS/Source/portable/GCC/ARM_CM4F -I"C:/Users/Sterm/Documents/GitHub/Rover_gruppo3/Codice_Rover/Progetto_Board2" -I"C:/Users/Sterm/Documents/GitHub/Rover_gruppo3/Codice_Rover" -I"C:/Users/Sterm/Documents/GitHub/Rover_gruppo3/Codice_Rover/Progetto_Board2/.." -I"C:/Users/Sterm/Documents/GitHub/Rover_gruppo3/Codice_Rover/Progetto_Board2/Drivers/SupervisorB2" -O0 -ffunction-sections -fdata-sections -Wall -fstack-usage -fcyclomatic-complexity -MMD -MP -MF"Core/Src/comm/comm_tx_task.d" -MT"Core/Src/comm/comm_tx_task.o" --specs=nano.specs -mfpu=fpv4-sp-d16 -mfloat-abi=hard -mthumb -o "Core/Src/comm/comm_tx_task.o"
arm-none-eabi-gcc "../Core/Src/comm/comm_uart.c" -mcpu=cortex-m4 -std=gnu11 -g3 -DDEBUG -DUSE_HAL_DRIVER -DSTM32G474xx -c -I../Core/Inc -I../Drivers/STM32G4xx_HAL_Driver/Inc -I../Drivers/STM32G4xx_HAL_Driver/Inc/Legacy -I../Drivers/CMSIS/Device/ST/STM32G4xx/Include -I../Drivers/CMSIS/Include -I../Middlewares/Third_Party/FreeRTOS/Source/include -I../Middlewares/Third_Party/FreeRTOS/Source/CMSIS_RTOS_V2 -I../Middlewares/Third_Party/FreeRTOS/Source/portable/GCC/ARM_CM4F -I"C:/Users/Sterm/Documents/GitHub/Rover_gruppo3/Codice_Rover/Progetto_Board2" -I"C:/Users/Sterm/Documents/GitHub/Rover_gruppo3/Codice_Rover" -I"C:/Users/Sterm/Documents/GitHub/Rover_gruppo3/Codice_Rover/Progetto_Board2/.." -I"C:/Users/Sterm/Documents/GitHub/Rover_gruppo3/Codice_Rover/Progetto_Board2/Drivers/SupervisorB2" -O0 -ffunction-sections -fdata-sections -Wall -fstack-usage -fcyclomatic-complexity -MMD -MP -MF"Core/Src/comm/comm_uart.d" -MT"Core/Src/comm/comm_uart.o" --specs=nano.specs -mfpu=fpv4-sp-d16 -mfloat-abi=hard -mthumb -o "Core/Src/comm/comm_uart.o"
arm-none-eabi-gcc "../Core/Src/comm/comm_unpack.c" -mcpu=cortex-m4 -std=gnu11 -g3 -DDEBUG -DUSE_HAL_DRIVER -DSTM32G474xx -c -I../Core/Inc -I../Drivers/STM32G4xx_HAL_Driver/Inc -I../Drivers/STM32G4xx_HAL_Driver/Inc/Legacy -I../Drivers/CMSIS/Device/ST/STM32G4xx/Include -I../Drivers/CMSIS/Include -I../Middlewares/Third_Party/FreeRTOS/Source/include -I../Middlewares/Third_Party/FreeRTOS/Source/CMSIS_RTOS_V2 -I../Middlewares/Third_Party/FreeRTOS/Source/portable/GCC/ARM_CM4F -I"C:/Users/Sterm/Documents/GitHub/Rover_gruppo3/Codice_Rover/Progetto_Board2" -I"C:/Users/Sterm/Documents/GitHub/Rover_gruppo3/Codice_Rover" -I"C:/Users/Sterm/Documents/GitHub/Rover_gruppo3/Codice_Rover/Progetto_Board2/.." -I"C:/Users/Sterm/Documents/GitHub/Rover_gruppo3/Codice_Rover/Progetto_Board2/Drivers/SupervisorB2" -O0 -ffunction-sections -fdata-sections -Wall -fstack-usage -fcyclomatic-complexity -MMD -MP -MF"Core/Src/comm/comm_unpack.d" -MT"Core/Src/comm/comm_unpack.o" --specs=nano.specs -mfpu=fpv4-sp-d16 -mfloat-abi=hard -mthumb -o "Core/Src/comm/comm_unpack.o"
../Core/Src/log/log_format.c: In function 'Log_FormatSnapshot':
../Core/Src/log/log_format.c:134:9: warning: format '%u' expects argument of type 'unsigned int', but argument 38 has type 'uint32_t' {aka 'long unsigned int'} [-Wformat=]
  134 |         "[SNAPSHOT]\r\n"
      |         ^~~~~~~~~~~~~~~~
......
  172 |         rx->payload.alive_counter,
      |         ~~~~~~~~~~~~~~~~~~~~~~~~~
      |                    |
      |                    uint32_t {aka long unsigned int}
../Core/Src/log/log_format.c:139:96: note: format string is defined here
  139 |         "RX PAYLOAD | FL=%.2f FR=%.2f RL=%.2f RR=%.2f | criticalB1=%s | degradedB1=%s | alive=%u\r\n"
      |                                                                                               ~^
      |                                                                                                |
      |                                                                                                unsigned int
      |                                                                                               %lu
arm-none-eabi-gcc "../Core/Src/actuation/actuation_step.c" -mcpu=cortex-m4 -std=gnu11 -g3 -DDEBUG -DUSE_HAL_DRIVER -DSTM32G474xx -c -I../Core/Inc -I../Drivers/STM32G4xx_HAL_Driver/Inc -I../Drivers/STM32G4xx_HAL_Driver/Inc/Legacy -I../Drivers/CMSIS/Device/ST/STM32G4xx/Include -I../Drivers/CMSIS/Include -I../Middlewares/Third_Party/FreeRTOS/Source/include -I../Middlewares/Third_Party/FreeRTOS/Source/CMSIS_RTOS_V2 -I../Middlewares/Third_Party/FreeRTOS/Source/portable/GCC/ARM_CM4F -I"C:/Users/Sterm/Documents/GitHub/Rover_gruppo3/Codice_Rover/Progetto_Board2" -I"C:/Users/Sterm/Documents/GitHub/Rover_gruppo3/Codice_Rover" -I"C:/Users/Sterm/Documents/GitHub/Rover_gruppo3/Codice_Rover/Progetto_Board2/.." -I"C:/Users/Sterm/Documents/GitHub/Rover_gruppo3/Codice_Rover/Progetto_Board2/Drivers/SupervisorB2" -O0 -ffunction-sections -fdata-sections -Wall -fstack-usage -fcyclomatic-complexity -MMD -MP -MF"Core/Src/actuation/actuation_step.d" -MT"Core/Src/actuation/actuation_step.o" --specs=nano.specs -mfpu=fpv4-sp-d16 -mfloat-abi=hard -mthumb -o "Core/Src/actuation/actuation_step.o"
arm-none-eabi-gcc "../Core/Src/actuation/sabertooth_driver.c" -mcpu=cortex-m4 -std=gnu11 -g3 -DDEBUG -DUSE_HAL_DRIVER -DSTM32G474xx -c -I../Core/Inc -I../Drivers/STM32G4xx_HAL_Driver/Inc -I../Drivers/STM32G4xx_HAL_Driver/Inc/Legacy -I../Drivers/CMSIS/Device/ST/STM32G4xx/Include -I../Drivers/CMSIS/Include -I../Middlewares/Third_Party/FreeRTOS/Source/include -I../Middlewares/Third_Party/FreeRTOS/Source/CMSIS_RTOS_V2 -I../Middlewares/Third_Party/FreeRTOS/Source/portable/GCC/ARM_CM4F -I"C:/Users/Sterm/Documents/GitHub/Rover_gruppo3/Codice_Rover/Progetto_Board2" -I"C:/Users/Sterm/Documents/GitHub/Rover_gruppo3/Codice_Rover" -I"C:/Users/Sterm/Documents/GitHub/Rover_gruppo3/Codice_Rover/Progetto_Board2/.." -I"C:/Users/Sterm/Documents/GitHub/Rover_gruppo3/Codice_Rover/Progetto_Board2/Drivers/SupervisorB2" -O0 -ffunction-sections -fdata-sections -Wall -fstack-usage -fcyclomatic-complexity -MMD -MP -MF"Core/Src/actuation/sabertooth_driver.d" -MT"Core/Src/actuation/sabertooth_driver.o" --specs=nano.specs -mfpu=fpv4-sp-d16 -mfloat-abi=hard -mthumb -o "Core/Src/actuation/sabertooth_driver.o"
arm-none-eabi-gcc "../Core/Src/IMU/imu_i2c.c" -mcpu=cortex-m4 -std=gnu11 -g3 -DDEBUG -DUSE_HAL_DRIVER -DSTM32G474xx -c -I../Core/Inc -I../Drivers/STM32G4xx_HAL_Driver/Inc -I../Drivers/STM32G4xx_HAL_Driver/Inc/Legacy -I../Drivers/CMSIS/Device/ST/STM32G4xx/Include -I../Drivers/CMSIS/Include -I../Middlewares/Third_Party/FreeRTOS/Source/include -I../Middlewares/Third_Party/FreeRTOS/Source/CMSIS_RTOS_V2 -I../Middlewares/Third_Party/FreeRTOS/Source/portable/GCC/ARM_CM4F -I"C:/Users/Sterm/Documents/GitHub/Rover_gruppo3/Codice_Rover/Progetto_Board2" -I"C:/Users/Sterm/Documents/GitHub/Rover_gruppo3/Codice_Rover" -I"C:/Users/Sterm/Documents/GitHub/Rover_gruppo3/Codice_Rover/Progetto_Board2/.." -I"C:/Users/Sterm/Documents/GitHub/Rover_gruppo3/Codice_Rover/Progetto_Board2/Drivers/SupervisorB2" -O0 -ffunction-sections -fdata-sections -Wall -fstack-usage -fcyclomatic-complexity -MMD -MP -MF"Core/Src/IMU/imu_i2c.d" -MT"Core/Src/IMU/imu_i2c.o" --specs=nano.specs -mfpu=fpv4-sp-d16 -mfloat-abi=hard -mthumb -o "Core/Src/IMU/imu_i2c.o"
arm-none-eabi-gcc "../Core/Src/IMU/imu_task.c" -mcpu=cortex-m4 -std=gnu11 -g3 -DDEBUG -DUSE_HAL_DRIVER -DSTM32G474xx -c -I../Core/Inc -I../Drivers/STM32G4xx_HAL_Driver/Inc -I../Drivers/STM32G4xx_HAL_Driver/Inc/Legacy -I../Drivers/CMSIS/Device/ST/STM32G4xx/Include -I../Drivers/CMSIS/Include -I../Middlewares/Third_Party/FreeRTOS/Source/include -I../Middlewares/Third_Party/FreeRTOS/Source/CMSIS_RTOS_V2 -I../Middlewares/Third_Party/FreeRTOS/Source/portable/GCC/ARM_CM4F -I"C:/Users/Sterm/Documents/GitHub/Rover_gruppo3/Codice_Rover/Progetto_Board2" -I"C:/Users/Sterm/Documents/GitHub/Rover_gruppo3/Codice_Rover" -I"C:/Users/Sterm/Documents/GitHub/Rover_gruppo3/Codice_Rover/Progetto_Board2/.." -I"C:/Users/Sterm/Documents/GitHub/Rover_gruppo3/Codice_Rover/Progetto_Board2/Drivers/SupervisorB2" -O0 -ffunction-sections -fdata-sections -Wall -fstack-usage -fcyclomatic-complexity -MMD -MP -MF"Core/Src/IMU/imu_task.d" -MT"Core/Src/IMU/imu_task.o" --specs=nano.specs -mfpu=fpv4-sp-d16 -mfloat-abi=hard -mthumb -o "Core/Src/IMU/imu_task.o"
arm-none-eabi-gcc "../Core/Src/BLE_Controller/ble_controller_i2c.c" -mcpu=cortex-m4 -std=gnu11 -g3 -DDEBUG -DUSE_HAL_DRIVER -DSTM32G474xx -c -I../Core/Inc -I../Drivers/STM32G4xx_HAL_Driver/Inc -I../Drivers/STM32G4xx_HAL_Driver/Inc/Legacy -I../Drivers/CMSIS/Device/ST/STM32G4xx/Include -I../Drivers/CMSIS/Include -I../Middlewares/Third_Party/FreeRTOS/Source/include -I../Middlewares/Third_Party/FreeRTOS/Source/CMSIS_RTOS_V2 -I../Middlewares/Third_Party/FreeRTOS/Source/portable/GCC/ARM_CM4F -I"C:/Users/Sterm/Documents/GitHub/Rover_gruppo3/Codice_Rover/Progetto_Board2" -I"C:/Users/Sterm/Documents/GitHub/Rover_gruppo3/Codice_Rover" -I"C:/Users/Sterm/Documents/GitHub/Rover_gruppo3/Codice_Rover/Progetto_Board2/.." -I"C:/Users/Sterm/Documents/GitHub/Rover_gruppo3/Codice_Rover/Progetto_Board2/Drivers/SupervisorB2" -O0 -ffunction-sections -fdata-sections -Wall -fstack-usage -fcyclomatic-complexity -MMD -MP -MF"Core/Src/BLE_Controller/ble_controller_i2c.d" -MT"Core/Src/BLE_Controller/ble_controller_i2c.o" --specs=nano.specs -mfpu=fpv4-sp-d16 -mfloat-abi=hard -mthumb -o "Core/Src/BLE_Controller/ble_controller_i2c.o"
arm-none-eabi-gcc "../Core/Src/BLE_Controller/ble_controller_task.c" -mcpu=cortex-m4 -std=gnu11 -g3 -DDEBUG -DUSE_HAL_DRIVER -DSTM32G474xx -c -I../Core/Inc -I../Drivers/STM32G4xx_HAL_Driver/Inc -I../Drivers/STM32G4xx_HAL_Driver/Inc/Legacy -I../Drivers/CMSIS/Device/ST/STM32G4xx/Include -I../Drivers/CMSIS/Include -I../Middlewares/Third_Party/FreeRTOS/Source/include -I../Middlewares/Third_Party/FreeRTOS/Source/CMSIS_RTOS_V2 -I../Middlewares/Third_Party/FreeRTOS/Source/portable/GCC/ARM_CM4F -I"C:/Users/Sterm/Documents/GitHub/Rover_gruppo3/Codice_Rover/Progetto_Board2" -I"C:/Users/Sterm/Documents/GitHub/Rover_gruppo3/Codice_Rover" -I"C:/Users/Sterm/Documents/GitHub/Rover_gruppo3/Codice_Rover/Progetto_Board2/.." -I"C:/Users/Sterm/Documents/GitHub/Rover_gruppo3/Codice_Rover/Progetto_Board2/Drivers/SupervisorB2" -O0 -ffunction-sections -fdata-sections -Wall -fstack-usage -fcyclomatic-complexity -MMD -MP -MF"Core/Src/BLE_Controller/ble_controller_task.d" -MT"Core/Src/BLE_Controller/ble_controller_task.o" --specs=nano.specs -mfpu=fpv4-sp-d16 -mfloat-abi=hard -mthumb -o "Core/Src/BLE_Controller/ble_controller_task.o"
arm-none-eabi-gcc "../Core/Src/app_freertos.c" -mcpu=cortex-m4 -std=gnu11 -g3 -DDEBUG -DUSE_HAL_DRIVER -DSTM32G474xx -c -I../Core/Inc -I../Drivers/STM32G4xx_HAL_Driver/Inc -I../Drivers/STM32G4xx_HAL_Driver/Inc/Legacy -I../Drivers/CMSIS/Device/ST/STM32G4xx/Include -I../Drivers/CMSIS/Include -I../Middlewares/Third_Party/FreeRTOS/Source/include -I../Middlewares/Third_Party/FreeRTOS/Source/CMSIS_RTOS_V2 -I../Middlewares/Third_Party/FreeRTOS/Source/portable/GCC/ARM_CM4F -I"C:/Users/Sterm/Documents/GitHub/Rover_gruppo3/Codice_Rover/Progetto_Board2" -I"C:/Users/Sterm/Documents/GitHub/Rover_gruppo3/Codice_Rover" -I"C:/Users/Sterm/Documents/GitHub/Rover_gruppo3/Codice_Rover/Progetto_Board2/.." -I"C:/Users/Sterm/Documents/GitHub/Rover_gruppo3/Codice_Rover/Progetto_Board2/Drivers/SupervisorB2" -O0 -ffunction-sections -fdata-sections -Wall -fstack-usage -fcyclomatic-complexity -MMD -MP -MF"Core/Src/app_freertos.d" -MT"Core/Src/app_freertos.o" --specs=nano.specs -mfpu=fpv4-sp-d16 -mfloat-abi=hard -mthumb -o "Core/Src/app_freertos.o"
arm-none-eabi-gcc "../Core/Src/dma.c" -mcpu=cortex-m4 -std=gnu11 -g3 -DDEBUG -DUSE_HAL_DRIVER -DSTM32G474xx -c -I../Core/Inc -I../Drivers/STM32G4xx_HAL_Driver/Inc -I../Drivers/STM32G4xx_HAL_Driver/Inc/Legacy -I../Drivers/CMSIS/Device/ST/STM32G4xx/Include -I../Drivers/CMSIS/Include -I../Middlewares/Third_Party/FreeRTOS/Source/include -I../Middlewares/Third_Party/FreeRTOS/Source/CMSIS_RTOS_V2 -I../Middlewares/Third_Party/FreeRTOS/Source/portable/GCC/ARM_CM4F -I"C:/Users/Sterm/Documents/GitHub/Rover_gruppo3/Codice_Rover/Progetto_Board2" -I"C:/Users/Sterm/Documents/GitHub/Rover_gruppo3/Codice_Rover" -I"C:/Users/Sterm/Documents/GitHub/Rover_gruppo3/Codice_Rover/Progetto_Board2/.." -I"C:/Users/Sterm/Documents/GitHub/Rover_gruppo3/Codice_Rover/Progetto_Board2/Drivers/SupervisorB2" -O0 -ffunction-sections -fdata-sections -Wall -fstack-usage -fcyclomatic-complexity -MMD -MP -MF"Core/Src/dma.d" -MT"Core/Src/dma.o" --specs=nano.specs -mfpu=fpv4-sp-d16 -mfloat-abi=hard -mthumb -o "Core/Src/dma.o"
arm-none-eabi-gcc "../Core/Src/gpio.c" -mcpu=cortex-m4 -std=gnu11 -g3 -DDEBUG -DUSE_HAL_DRIVER -DSTM32G474xx -c -I../Core/Inc -I../Drivers/STM32G4xx_HAL_Driver/Inc -I../Drivers/STM32G4xx_HAL_Driver/Inc/Legacy -I../Drivers/CMSIS/Device/ST/STM32G4xx/Include -I../Drivers/CMSIS/Include -I../Middlewares/Third_Party/FreeRTOS/Source/include -I../Middlewares/Third_Party/FreeRTOS/Source/CMSIS_RTOS_V2 -I../Middlewares/Third_Party/FreeRTOS/Source/portable/GCC/ARM_CM4F -I"C:/Users/Sterm/Documents/GitHub/Rover_gruppo3/Codice_Rover/Progetto_Board2" -I"C:/Users/Sterm/Documents/GitHub/Rover_gruppo3/Codice_Rover" -I"C:/Users/Sterm/Documents/GitHub/Rover_gruppo3/Codice_Rover/Progetto_Board2/.." -I"C:/Users/Sterm/Documents/GitHub/Rover_gruppo3/Codice_Rover/Progetto_Board2/Drivers/SupervisorB2" -O0 -ffunction-sections -fdata-sections -Wall -fstack-usage -fcyclomatic-complexity -MMD -MP -MF"Core/Src/gpio.d" -MT"Core/Src/gpio.o" --specs=nano.specs -mfpu=fpv4-sp-d16 -mfloat-abi=hard -mthumb -o "Core/Src/gpio.o"
[...]
arm-none-eabi-gcc "../Core/Src/BLE_Controller/ble_controller_i2c.c" -mcpu=cortex-m4 -std=gnu11 -g3 -DDEBUG -DUSE_HAL_DRIVER -DSTM32G474xx -c -I../Core/Inc -I../Drivers/STM32G4xx_HAL_Driver/Inc -I../Drivers/STM32G4xx_HAL_Driver/Inc/Legacy -I../Drivers/CMSIS/Device/ST/STM32G4xx/Include -I../Drivers/CMSIS/Include -I../Middlewares/Third_Party/FreeRTOS/Source/include -I../Middlewares/Third_Party/FreeRTOS/Source/CMSIS_RTOS_V2 -I../Middlewares/Third_Party/FreeRTOS/Source/portable/GCC/ARM_CM4F -I"C:/Users/Sterm/Documents/GitHub/Rover_gruppo3/Codice_Rover/Progetto_Board2" -I"C:/Users/Sterm/Documents/GitHub/Rover_gruppo3/Codice_Rover" -I"C:/Users/Sterm/Documents/GitHub/Rover_gruppo3/Codice_Rover/Progetto_Board2/.." -I"C:/Users/Sterm/Documents/GitHub/Rover_gruppo3/Codice_Rover/Progetto_Board2/Drivers/SupervisorB2" -O0 -ffunction-sections -fdata-sections -Wall -fstack-usage -fcyclomatic-complexity -MMD -MP -MF"Core/Src/BLE_Controller/ble_controller_i2c.d" -MT"Core/Src/BLE_Controller/ble_controller_i2c.o" --specs=nano.specs -mfpu=fpv4-sp-d16 -mfloat-abi=hard -mthumb -o "Core/Src/BLE_Controller/ble_controller_i2c.o"
arm-none-eabi-gcc "../Core/Src/BLE_Controller/ble_controller_task.c" -mcpu=cortex-m4 -std=gnu11 -g3 -DDEBUG -DUSE_HAL_DRIVER -DSTM32G474xx -c -I../Core/Inc -I../Drivers/STM32G4xx_HAL_Driver/Inc -I../Drivers/STM32G4xx_HAL_Driver/Inc/Legacy -I../Drivers/CMSIS/Device/ST/STM32G4xx/Include -I../Drivers/CMSIS/Include -I../Middlewares/Third_Party/FreeRTOS/Source/include -I../Middlewares/Third_Party/FreeRTOS/Source/CMSIS_RTOS_V2 -I../Middlewares/Third_Party/FreeRTOS/Source/portable/GCC/ARM_CM4F -I"C:/Users/Sterm/Documents/GitHub/Rover_gruppo3/Codice_Rover/Progetto_Board2" -I"C:/Users/Sterm/Documents/GitHub/Rover_gruppo3/Codice_Rover" -I"C:/Users/Sterm/Documents/GitHub/Rover_gruppo3/Codice_Rover/Progetto_Board2/.." -I"C:/Users/Sterm/Documents/GitHub/Rover_gruppo3/Codice_Rover/Progetto_Board2/Drivers/SupervisorB2" -O0 -ffunction-sections -fdata-sections -Wall -fstack-usage -fcyclomatic-complexity -MMD -MP -MF"Core/Src/BLE_Controller/ble_controller_task.d" -MT"Core/Src/BLE_Controller/ble_controller_task.o" --specs=nano.specs -mfpu=fpv4-sp-d16 -mfloat-abi=hard -mthumb -o "Core/Src/BLE_Controller/ble_controller_task.o"
arm-none-eabi-gcc "../Core/Src/app_freertos.c" -mcpu=cortex-m4 -std=gnu11 -g3 -DDEBUG -DUSE_HAL_DRIVER -DSTM32G474xx -c -I../Core/Inc -I../Drivers/STM32G4xx_HAL_Driver/Inc -I../Drivers/STM32G4xx_HAL_Driver/Inc/Legacy -I../Drivers/CMSIS/Device/ST/STM32G4xx/Include -I../Drivers/CMSIS/Include -I../Middlewares/Third_Party/FreeRTOS/Source/include -I../Middlewares/Third_Party/FreeRTOS/Source/CMSIS_RTOS_V2 -I../Middlewares/Third_Party/FreeRTOS/Source/portable/GCC/ARM_CM4F -I"C:/Users/Sterm/Documents/GitHub/Rover_gruppo3/Codice_Rover/Progetto_Board2" -I"C:/Users/Sterm/Documents/GitHub/Rover_gruppo3/Codice_Rover" -I"C:/Users/Sterm/Documents/GitHub/Rover_gruppo3/Codice_Rover/Progetto_Board2/.." -I"C:/Users/Sterm/Documents/GitHub/Rover_gruppo3/Codice_Rover/Progetto_Board2/Drivers/SupervisorB2" -O0 -ffunction-sections -fdata-sections -Wall -fstack-usage -fcyclomatic-complexity -MMD -MP -MF"Core/Src/app_freertos.d" -MT"Core/Src/app_freertos.o" --specs=nano.specs -mfpu=fpv4-sp-d16 -mfloat-abi=hard -mthumb -o "Core/Src/app_freertos.o"
arm-none-eabi-gcc "../Core/Src/dma.c" -mcpu=cortex-m4 -std=gnu11 -g3 -DDEBUG -DUSE_HAL_DRIVER -DSTM32G474xx -c -I../Core/Inc -I../Drivers/STM32G4xx_HAL_Driver/Inc -I../Drivers/STM32G4xx_HAL_Driver/Inc/Legacy -I../Drivers/CMSIS/Device/ST/STM32G4xx/Include -I../Drivers/CMSIS/Include -I../Middlewares/Third_Party/FreeRTOS/Source/include -I../Middlewares/Third_Party/FreeRTOS/Source/CMSIS_RTOS_V2 -I../Middlewares/Third_Party/FreeRTOS/Source/portable/GCC/ARM_CM4F -I"C:/Users/Sterm/Documents/GitHub/Rover_gruppo3/Codice_Rover/Progetto_Board2" -I"C:/Users/Sterm/Documents/GitHub/Rover_gruppo3/Codice_Rover" -I"C:/Users/Sterm/Documents/GitHub/Rover_gruppo3/Codice_Rover/Progetto_Board2/.." -I"C:/Users/Sterm/Documents/GitHub/Rover_gruppo3/Codice_Rover/Progetto_Board2/Drivers/SupervisorB2" -O0 -ffunction-sections -fdata-sections -Wall -fstack-usage -fcyclomatic-complexity -MMD -MP -MF"Core/Src/dma.d" -MT"Core/Src/dma.o" --specs=nano.specs -mfpu=fpv4-sp-d16 -mfloat-abi=hard -mthumb -o "Core/Src/dma.o"
arm-none-eabi-gcc "../Core/Src/gpio.c" -mcpu=cortex-m4 -std=gnu11 -g3 -DDEBUG -DUSE_HAL_DRIVER -DSTM32G474xx -c -I../Core/Inc -I../Drivers/STM32G4xx_HAL_Driver/Inc -I../Drivers/STM32G4xx_HAL_Driver/Inc/Legacy -I../Drivers/CMSIS/Device/ST/STM32G4xx/Include -I../Drivers/CMSIS/Include -I../Middlewares/Third_Party/FreeRTOS/Source/include -I../Middlewares/Third_Party/FreeRTOS/Source/CMSIS_RTOS_V2 -I../Middlewares/Third_Party/FreeRTOS/Source/portable/GCC/ARM_CM4F -I"C:/Users/Sterm/Documents/GitHub/Rover_gruppo3/Codice_Rover/Progetto_Board2" -I"C:/Users/Sterm/Documents/GitHub/Rover_gruppo3/Codice_Rover" -I"C:/Users/Sterm/Documents/GitHub/Rover_gruppo3/Codice_Rover/Progetto_Board2/.." -I"C:/Users/Sterm/Documents/GitHub/Rover_gruppo3/Codice_Rover/Progetto_Board2/Drivers/SupervisorB2" -O0 -ffunction-sections -fdata-sections -Wall -fstack-usage -fcyclomatic-complexity -MMD -MP -MF"Core/Src/gpio.d" -MT"Core/Src/gpio.o" --specs=nano.specs -mfpu=fpv4-sp-d16 -mfloat-abi=hard -mthumb -o "Core/Src/gpio.o"
arm-none-eabi-gcc "../Core/Src/i2c.c" -mcpu=cortex-m4 -std=gnu11 -g3 -DDEBUG -DUSE_HAL_DRIVER -DSTM32G474xx -c -I../Core/Inc -I../Drivers/STM32G4xx_HAL_Driver/Inc -I../Drivers/STM32G4xx_HAL_Driver/Inc/Legacy -I../Drivers/CMSIS/Device/ST/STM32G4xx/Include -I../Drivers/CMSIS/Include -I../Middlewares/Third_Party/FreeRTOS/Source/include -I../Middlewares/Third_Party/FreeRTOS/Source/CMSIS_RTOS_V2 -I../Middlewares/Third_Party/FreeRTOS/Source/portable/GCC/ARM_CM4F -I"C:/Users/Sterm/Documents/GitHub/Rover_gruppo3/Codice_Rover/Progetto_Board2" -I"C:/Users/Sterm/Documents/GitHub/Rover_gruppo3/Codice_Rover" -I"C:/Users/Sterm/Documents/GitHub/Rover_gruppo3/Codice_Rover/Progetto_Board2/.." -I"C:/Users/Sterm/Documents/GitHub/Rover_gruppo3/Codice_Rover/Progetto_Board2/Drivers/SupervisorB2" -O0 -ffunction-sections -fdata-sections -Wall -fstack-usage -fcyclomatic-complexity -MMD -MP -MF"Core/Src/i2c.d" -MT"Core/Src/i2c.o" --specs=nano.specs -mfpu=fpv4-sp-d16 -mfloat-abi=hard -mthumb -o "Core/Src/i2c.o"
arm-none-eabi-gcc "../Core/Src/main.c" -mcpu=cortex-m4 -std=gnu11 -g3 -DDEBUG -DUSE_HAL_DRIVER -DSTM32G474xx -c -I../Core/Inc -I../Drivers/STM32G4xx_HAL_Driver/Inc -I../Drivers/STM32G4xx_HAL_Driver/Inc/Legacy -I../Drivers/CMSIS/Device/ST/STM32G4xx/Include -I../Drivers/CMSIS/Include -I../Middlewares/Third_Party/FreeRTOS/Source/include -I../Middlewares/Third_Party/FreeRTOS/Source/CMSIS_RTOS_V2 -I../Middlewares/Third_Party/FreeRTOS/Source/portable/GCC/ARM_CM4F -I"C:/Users/Sterm/Documents/GitHub/Rover_gruppo3/Codice_Rover/Progetto_Board2" -I"C:/Users/Sterm/Documents/GitHub/Rover_gruppo3/Codice_Rover" -I"C:/Users/Sterm/Documents/GitHub/Rover_gruppo3/Codice_Rover/Progetto_Board2/.." -I"C:/Users/Sterm/Documents/GitHub/Rover_gruppo3/Codice_Rover/Progetto_Board2/Drivers/SupervisorB2" -O0 -ffunction-sections -fdata-sections -Wall -fstack-usage -fcyclomatic-complexity -MMD -MP -MF"Core/Src/main.d" -MT"Core/Src/main.o" --specs=nano.specs -mfpu=fpv4-sp-d16 -mfloat-abi=hard -mthumb -o "Core/Src/main.o"
arm-none-eabi-gcc "../Core/Src/stm32g4xx_hal_msp.c" -mcpu=cortex-m4 -std=gnu11 -g3 -DDEBUG -DUSE_HAL_DRIVER -DSTM32G474xx -c -I../Core/Inc -I../Drivers/STM32G4xx_HAL_Driver/Inc -I../Drivers/STM32G4xx_HAL_Driver/Inc/Legacy -I../Drivers/CMSIS/Device/ST/STM32G4xx/Include -I../Drivers/CMSIS/Include -I../Middlewares/Third_Party/FreeRTOS/Source/include -I../Middlewares/Third_Party/FreeRTOS/Source/CMSIS_RTOS_V2 -I../Middlewares/Third_Party/FreeRTOS/Source/portable/GCC/ARM_CM4F -I"C:/Users/Sterm/Documents/GitHub/Rover_gruppo3/Codice_Rover/Progetto_Board2" -I"C:/Users/Sterm/Documents/GitHub/Rover_gruppo3/Codice_Rover" -I"C:/Users/Sterm/Documents/GitHub/Rover_gruppo3/Codice_Rover/Progetto_Board2/.." -I"C:/Users/Sterm/Documents/GitHub/Rover_gruppo3/Codice_Rover/Progetto_Board2/Drivers/SupervisorB2" -O0 -ffunction-sections -fdata-sections -Wall -fstack-usage -fcyclomatic-complexity -MMD -MP -MF"Core/Src/stm32g4xx_hal_msp.d" -MT"Core/Src/stm32g4xx_hal_msp.o" --specs=nano.specs -mfpu=fpv4-sp-d16 -mfloat-abi=hard -mthumb -o "Core/Src/stm32g4xx_hal_msp.o"
arm-none-eabi-gcc "../Core/Src/stm32g4xx_hal_timebase_tim.c" -mcpu=cortex-m4 -std=gnu11 -g3 -DDEBUG -DUSE_HAL_DRIVER -DSTM32G474xx -c -I../Core/Inc -I../Drivers/STM32G4xx_HAL_Driver/Inc -I../Drivers/STM32G4xx_HAL_Driver/Inc/Legacy -I../Drivers/CMSIS/Device/ST/STM32G4xx/Include -I../Drivers/CMSIS/Include -I../Middlewares/Third_Party/FreeRTOS/Source/include -I../Middlewares/Third_Party/FreeRTOS/Source/CMSIS_RTOS_V2 -I../Middlewares/Third_Party/FreeRTOS/Source/portable/GCC/ARM_CM4F -I"C:/Users/Sterm/Documents/GitHub/Rover_gruppo3/Codice_Rover/Progetto_Board2" -I"C:/Users/Sterm/Documents/GitHub/Rover_gruppo3/Codice_Rover" -I"C:/Users/Sterm/Documents/GitHub/Rover_gruppo3/Codice_Rover/Progetto_Board2/.." -I"C:/Users/Sterm/Documents/GitHub/Rover_gruppo3/Codice_Rover/Progetto_Board2/Drivers/SupervisorB2" -O0 -ffunction-sections -fdata-sections -Wall -fstack-usage -fcyclomatic-complexity -MMD -MP -MF"Core/Src/stm32g4xx_hal_timebase_tim.d" -MT"Core/Src/stm32g4xx_hal_timebase_tim.o" --specs=nano.specs -mfpu=fpv4-sp-d16 -mfloat-abi=hard -mthumb -o "Core/Src/stm32g4xx_hal_timebase_tim.o"
arm-none-eabi-gcc "../Core/Src/stm32g4xx_it.c" -mcpu=cortex-m4 -std=gnu11 -g3 -DDEBUG -DUSE_HAL_DRIVER -DSTM32G474xx -c -I../Core/Inc -I../Drivers/STM32G4xx_HAL_Driver/Inc -I../Drivers/STM32G4xx_HAL_Driver/Inc/Legacy -I../Drivers/CMSIS/Device/ST/STM32G4xx/Include -I../Drivers/CMSIS/Include -I../Middlewares/Third_Party/FreeRTOS/Source/include -I../Middlewares/Third_Party/FreeRTOS/Source/CMSIS_RTOS_V2 -I../Middlewares/Third_Party/FreeRTOS/Source/portable/GCC/ARM_CM4F -I"C:/Users/Sterm/Documents/GitHub/Rover_gruppo3/Codice_Rover/Progetto_Board2" -I"C:/Users/Sterm/Documents/GitHub/Rover_gruppo3/Codice_Rover" -I"C:/Users/Sterm/Documents/GitHub/Rover_gruppo3/Codice_Rover/Progetto_Board2/.." -I"C:/Users/Sterm/Documents/GitHub/Rover_gruppo3/Codice_Rover/Progetto_Board2/Drivers/SupervisorB2" -O0 -ffunction-sections -fdata-sections -Wall -fstack-usage -fcyclomatic-complexity -MMD -MP -MF"Core/Src/stm32g4xx_it.d" -MT"Core/Src/stm32g4xx_it.o" --specs=nano.specs -mfpu=fpv4-sp-d16 -mfloat-abi=hard -mthumb -o "Core/Src/stm32g4xx_it.o"
arm-none-eabi-gcc "../Core/Src/system_stm32g4xx.c" -mcpu=cortex-m4 -std=gnu11 -g3 -DDEBUG -DUSE_HAL_DRIVER -DSTM32G474xx -c -I../Core/Inc -I../Drivers/STM32G4xx_HAL_Driver/Inc -I../Drivers/STM32G4xx_HAL_Driver/Inc/Legacy -I../Drivers/CMSIS/Device/ST/STM32G4xx/Include -I../Drivers/CMSIS/Include -I../Middlewares/Third_Party/FreeRTOS/Source/include -I../Middlewares/Third_Party/FreeRTOS/Source/CMSIS_RTOS_V2 -I../Middlewares/Third_Party/FreeRTOS/Source/portable/GCC/ARM_CM4F -I"C:/Users/Sterm/Documents/GitHub/Rover_gruppo3/Codice_Rover/Progetto_Board2" -I"C:/Users/Sterm/Documents/GitHub/Rover_gruppo3/Codice_Rover" -I"C:/Users/Sterm/Documents/GitHub/Rover_gruppo3/Codice_Rover/Progetto_Board2/.." -I"C:/Users/Sterm/Documents/GitHub/Rover_gruppo3/Codice_Rover/Progetto_Board2/Drivers/SupervisorB2" -O0 -ffunction-sections -fdata-sections -Wall -fstack-usage -fcyclomatic-complexity -MMD -MP -MF"Core/Src/system_stm32g4xx.d" -MT"Core/Src/system_stm32g4xx.o" --specs=nano.specs -mfpu=fpv4-sp-d16 -mfloat-abi=hard -mthumb -o "Core/Src/system_stm32g4xx.o"
arm-none-eabi-gcc "../Core/Src/tim.c" -mcpu=cortex-m4 -std=gnu11 -g3 -DDEBUG -DUSE_HAL_DRIVER -DSTM32G474xx -c -I../Core/Inc -I../Drivers/STM32G4xx_HAL_Driver/Inc -I../Drivers/STM32G4xx_HAL_Driver/Inc/Legacy -I../Drivers/CMSIS/Device/ST/STM32G4xx/Include -I../Drivers/CMSIS/Include -I../Middlewares/Third_Party/FreeRTOS/Source/include -I../Middlewares/Third_Party/FreeRTOS/Source/CMSIS_RTOS_V2 -I../Middlewares/Third_Party/FreeRTOS/Source/portable/GCC/ARM_CM4F -I"C:/Users/Sterm/Documents/GitHub/Rover_gruppo3/Codice_Rover/Progetto_Board2" -I"C:/Users/Sterm/Documents/GitHub/Rover_gruppo3/Codice_Rover" -I"C:/Users/Sterm/Documents/GitHub/Rover_gruppo3/Codice_Rover/Progetto_Board2/.." -I"C:/Users/Sterm/Documents/GitHub/Rover_gruppo3/Codice_Rover/Progetto_Board2/Drivers/SupervisorB2" -O0 -ffunction-sections -fdata-sections -Wall -fstack-usage -fcyclomatic-complexity -MMD -MP -MF"Core/Src/tim.d" -MT"Core/Src/tim.o" --specs=nano.specs -mfpu=fpv4-sp-d16 -mfloat-abi=hard -mthumb -o "Core/Src/tim.o"
arm-none-eabi-gcc "../Core/Src/usart.c" -mcpu=cortex-m4 -std=gnu11 -g3 -DDEBUG -DUSE_HAL_DRIVER -DSTM32G474xx -c -I../Core/Inc -I../Drivers/STM32G4xx_HAL_Driver/Inc -I../Drivers/STM32G4xx_HAL_Driver/Inc/Legacy -I../Drivers/CMSIS/Device/ST/STM32G4xx/Include -I../Drivers/CMSIS/Include -I../Middlewares/Third_Party/FreeRTOS/Source/include -I../Middlewares/Third_Party/FreeRTOS/Source/CMSIS_RTOS_V2 -I../Middlewares/Third_Party/FreeRTOS/Source/portable/GCC/ARM_CM4F -I"C:/Users/Sterm/Documents/GitHub/Rover_gruppo3/Codice_Rover/Progetto_Board2" -I"C:/Users/Sterm/Documents/GitHub/Rover_gruppo3/Codice_Rover" -I"C:/Users/Sterm/Documents/GitHub/Rover_gruppo3/Codice_Rover/Progetto_Board2/.." -I"C:/Users/Sterm/Documents/GitHub/Rover_gruppo3/Codice_Rover/Progetto_Board2/Drivers/SupervisorB2" -O0 -ffunction-sections -fdata-sections -Wall -fstack-usage -fcyclomatic-complexity -MMD -MP -MF"Core/Src/usart.d" -MT"Core/Src/usart.o" --specs=nano.specs -mfpu=fpv4-sp-d16 -mfloat-abi=hard -mthumb -o "Core/Src/usart.o"
arm-none-eabi-gcc -o "Progetto_Board2.elf" @"objects.list"   -mcpu=cortex-m4 -T"C:\Users\Sterm\Documents\GitHub\Rover_gruppo3\Codice_Rover\Progetto_Board2\STM32G474RETX_FLASH.ld" --specs=nosys.specs -Wl,-Map="Progetto_Board2.map" -Wl,--gc-sections -static --specs=nano.specs -mfpu=fpv4-sp-d16 -mfloat-abi=hard -mthumb -u _printf_float -u _scanf_float -Wl,--start-group -lc -lm -Wl,--end-group
Finished building target: Progetto_Board2.elf
 
arm-none-eabi-size  Progetto_Board2.elf 
arm-none-eabi-objdump -h -S Progetto_Board2.elf  > "Progetto_Board2.list"
   text	   data	    bss	    dec	    hex	filename
  97496	    476	  21864	 119836	  1d41c	Progetto_Board2.elf
Finished building: default.size.stdout
 
Finished building: Progetto_Board2.list
 
22:13:35 **** Incremental Build of configuration Debug for project Progetto_Board2 ****
make -j8 all 
arm-none-eabi-gcc "../Core/Src/actuation/sabertooth_driver.c" -mcpu=cortex-m4 -std=gnu11 -g3 -DDEBUG -DUSE_HAL_DRIVER -DSTM32G474xx -c -I../Core/Inc -I../Drivers/STM32G4xx_HAL_Driver/Inc -I../Drivers/STM32G4xx_HAL_Driver/Inc/Legacy -I../Drivers/CMSIS/Device/ST/STM32G4xx/Include -I../Drivers/CMSIS/Include -I../Middlewares/Third_Party/FreeRTOS/Source/include -I../Middlewares/Third_Party/FreeRTOS/Source/CMSIS_RTOS_V2 -I../Middlewares/Third_Party/FreeRTOS/Source/portable/GCC/ARM_CM4F -I"C:/Users/Sterm/Documents/GitHub/Rover_gruppo3/Codice_Rover/Progetto_Board2" -I"C:/Users/Sterm/Documents/GitHub/Rover_gruppo3/Codice_Rover" -I"C:/Users/Sterm/Documents/GitHub/Rover_gruppo3/Codice_Rover/Progetto_Board2/.." -I"C:/Users/Sterm/Documents/GitHub/Rover_gruppo3/Codice_Rover/Progetto_Board2/Drivers/SupervisorB2" -O0 -ffunction-sections -fdata-sections -Wall -fstack-usage -fcyclomatic-complexity -MMD -MP -MF"Core/Src/actuation/sabertooth_driver.d" -MT"Core/Src/actuation/sabertooth_driver.o" --specs=nano.specs -mfpu=fpv4-sp-d16 -mfloat-abi=hard -mthumb -o "Core/Src/actuation/sabertooth_driver.o"
../Core/Src/actuation/sabertooth_driver.c: In function 'Sabertooth_ApplyOutputs':
../Core/Src/actuation/sabertooth_driver.c:131:9: warning: implicit declaration of function 'printf' [-Wimplicit-function-declaration]
  131 |         printf("%.2f %.2f %.2f %.2f\r\n", s_sx_p, s_dx_p, s_sx_a, s_dx_a);
      |         ^~~~~~
../Core/Src/actuation/sabertooth_driver.c:10:1: note: include '<stdio.h>' or provide a declaration of 'printf'
    9 | #include <math.h>
  +++ |+#include <stdio.h>
   10 | 
../Core/Src/actuation/sabertooth_driver.c:131:9: warning: incompatible implicit declaration of built-in function 'printf' [-Wbuiltin-declaration-mismatch]
  131 |         printf("%.2f %.2f %.2f %.2f\r\n", s_sx_p, s_dx_p, s_sx_a, s_dx_a);
      |         ^~~~~~
../Core/Src/actuation/sabertooth_driver.c:131:9: note: include '<stdio.h>' or provide a declaration of 'printf'
arm-none-eabi-gcc -o "Progetto_Board2.elf" @"objects.list"   -mcpu=cortex-m4 -T"C:\Users\Sterm\Documents\GitHub\Rover_gruppo3\Codice_Rover\Progetto_Board2\STM32G474RETX_FLASH.ld" --specs=nosys.specs -Wl,-Map="Progetto_Board2.map" -Wl,--gc-sections -static --specs=nano.specs -mfpu=fpv4-sp-d16 -mfloat-abi=hard -mthumb -u _printf_float -u _scanf_float -Wl,--start-group -lc -lm -Wl,--end-group
Finished building target: Progetto_Board2.elf
 
arm-none-eabi-size  Progetto_Board2.elf 
arm-none-eabi-objdump -h -S Progetto_Board2.elf  > "Progetto_Board2.list"
   text	   data	    bss	    dec	    hex	filename
  97400	    476	  21864	 119740	  1d3bc	Progetto_Board2.elf
Finished building: default.size.stdout
 
Finished building: Progetto_Board2.list
 
22:16:08 **** Incremental Build of configuration Debug for project Progetto_Board2 ****
make -j8 all 
arm-none-eabi-gcc "../Core/Src/actuation/sabertooth_driver.c" -mcpu=cortex-m4 -std=gnu11 -g3 -DDEBUG -DUSE_HAL_DRIVER -DSTM32G474xx -c -I../Core/Inc -I../Drivers/STM32G4xx_HAL_Driver/Inc -I../Drivers/STM32G4xx_HAL_Driver/Inc/Legacy -I../Drivers/CMSIS/Device/ST/STM32G4xx/Include -I../Drivers/CMSIS/Include -I../Middlewares/Third_Party/FreeRTOS/Source/include -I../Middlewares/Third_Party/FreeRTOS/Source/CMSIS_RTOS_V2 -I../Middlewares/Third_Party/FreeRTOS/Source/portable/GCC/ARM_CM4F -I"C:/Users/Sterm/Documents/GitHub/Rover_gruppo3/Codice_Rover/Progetto_Board2" -I"C:/Users/Sterm/Documents/GitHub/Rover_gruppo3/Codice_Rover" -I"C:/Users/Sterm/Documents/GitHub/Rover_gruppo3/Codice_Rover/Progetto_Board2/.." -I"C:/Users/Sterm/Documents/GitHub/Rover_gruppo3/Codice_Rover/Progetto_Board2/Drivers/SupervisorB2" -O0 -ffunction-sections -fdata-sections -Wall -fstack-usage -fcyclomatic-complexity -MMD -MP -MF"Core/Src/actuation/sabertooth_driver.d" -MT"Core/Src/actuation/sabertooth_driver.o" --specs=nano.specs -mfpu=fpv4-sp-d16 -mfloat-abi=hard -mthumb -o "Core/Src/actuation/sabertooth_driver.o"
arm-none-eabi-gcc -o "Progetto_Board2.elf" @"objects.list"   -mcpu=cortex-m4 -T"C:\Users\Sterm\Documents\GitHub\Rover_gruppo3\Codice_Rover\Progetto_Board2\STM32G474RETX_FLASH.ld" --specs=nosys.specs -Wl,-Map="Progetto_Board2.map" -Wl,--gc-sections -static --specs=nano.specs -mfpu=fpv4-sp-d16 -mfloat-abi=hard -mthumb -u _printf_float -u _scanf_float -Wl,--start-group -lc -lm -Wl,--end-group
Finished building target: Progetto_Board2.elf
 
arm-none-eabi-size  Progetto_Board2.elf 
arm-none-eabi-objdump -h -S Progetto_Board2.elf  > "Progetto_Board2.list"
   text	   data	    bss	    dec	    hex	filename
  97296	    476	  21864	 119636	  1d354	Progetto_Board2.elf
Finished building: default.size.stdout
 
Finished building: Progetto_Board2.list
 
