18:52:18 **** Incremental Build of configuration Debug for project zzz_Board1 ****
make -j8 all 
arm-none-eabi-gcc "../Drivers/SupervisorB1/SupervisorB1.c" -mcpu=cortex-m4 -std=gnu11 -g3 -DDEBUG -DUSE_HAL_DRIVER -DSTM32G474xx -c -I../Core/Inc -I../Drivers/STM32G4xx_HAL_Driver/Inc -I../Drivers/STM32G4xx_HAL_Driver/Inc/Legacy -I../Drivers/CMSIS/Device/ST/STM32G4xx/Include -I../Drivers/CMSIS/Include -I../Middlewares/Third_Party/FreeRTOS/Source/include -I../Middlewares/Third_Party/FreeRTOS/Source/CMSIS_RTOS_V2 -I../Middlewares/Third_Party/FreeRTOS/Source/portable/GCC/ARM_CM4F -I"C:/Users/Sterm/Desktop/STM32/workspace/Rover_Project_Fake" -I"C:/Users/Sterm/Desktop/STM32/workspace/Rover_Project_Fake/zzz_Board1/Drivers/SupervisorB1" -I"C:/Users/Sterm/Desktop/STM32/workspace/Rover_Project_Fake/shared_header" -O0 -ffunction-sections -fdata-sections -Wall -fstack-usage -fcyclomatic-complexity -MMD -MP -MF"Drivers/SupervisorB1/SupervisorB1.d" -MT"Drivers/SupervisorB1/SupervisorB1.o" --specs=nano.specs -mfpu=fpv4-sp-d16 -mfloat-abi=hard -mthumb -o "Drivers/SupervisorB1/SupervisorB1.o"
arm-none-eabi-gcc "../Core/Src/app_freertos.c" -mcpu=cortex-m4 -std=gnu11 -g3 -DDEBUG -DUSE_HAL_DRIVER -DSTM32G474xx -c -I../Core/Inc -I../Drivers/STM32G4xx_HAL_Driver/Inc -I../Drivers/STM32G4xx_HAL_Driver/Inc/Legacy -I../Drivers/CMSIS/Device/ST/STM32G4xx/Include -I../Drivers/CMSIS/Include -I../Middlewares/Third_Party/FreeRTOS/Source/include -I../Middlewares/Third_Party/FreeRTOS/Source/CMSIS_RTOS_V2 -I../Middlewares/Third_Party/FreeRTOS/Source/portable/GCC/ARM_CM4F -I"C:/Users/Sterm/Desktop/STM32/workspace/Rover_Project_Fake" -I"C:/Users/Sterm/Desktop/STM32/workspace/Rover_Project_Fake/zzz_Board1/Drivers/SupervisorB1" -I"C:/Users/Sterm/Desktop/STM32/workspace/Rover_Project_Fake/shared_header" -O0 -ffunction-sections -fdata-sections -Wall -fstack-usage -fcyclomatic-complexity -MMD -MP -MF"Core/Src/app_freertos.d" -MT"Core/Src/app_freertos.o" --specs=nano.specs -mfpu=fpv4-sp-d16 -mfloat-abi=hard -mthumb -o "Core/Src/app_freertos.o"
../Drivers/SupervisorB1/SupervisorB1.c: In function 'SupervisorB1_updateSafetyLimits':
../Drivers/SupervisorB1/SupervisorB1.c:532:3: warning: enumeration value 'SAFETY_OK' not handled in switch [-Wswitch]
  532 |   switch (rover_state) {
      |   ^~~~~~
../Drivers/SupervisorB1/SupervisorB1.c: In function 'SupervisorB1_step':
../Drivers/SupervisorB1/SupervisorB1.c:668:3: warning: enumeration value 'IMU_COHERENT' not handled in switch [-Wswitch]
  668 |   switch (SupervisorB1_U.Board2_Data.payload.imu_coherence_status) {
      |   ^~~~~~
../Drivers/SupervisorB1/SupervisorB1.c:964:3: warning: enumeration value 'TEMP_HEALTH_OK' not handled in switch [-Wswitch]
  964 |   switch (temp_status) {
      |   ^~~~~~
../Drivers/SupervisorB1/SupervisorB1.c:974:3: warning: enumeration value 'BATTERY_HEALTH_OK' not handled in switch [-Wswitch]
  974 |   switch (battery_status) {
      |   ^~~~~~
../Drivers/SupervisorB1/SupervisorB1.c:984:3: warning: enumeration value 'RX_OK' not handled in switch [-Wswitch]
  984 |   switch (rx_status) {
      |   ^~~~~~
../Drivers/SupervisorB1/SupervisorB1.c:994:3: warning: enumeration value 'WHEEL_OK' not handled in switch [-Wswitch]
  994 |   switch (SupervisorB1_B.wheel_status[0]) {
      |   ^~~~~~
../Drivers/SupervisorB1/SupervisorB1.c:1004:3: warning: enumeration value 'WHEEL_OK' not handled in switch [-Wswitch]
 1004 |   switch (SupervisorB1_B.wheel_status[1]) {
      |   ^~~~~~
../Drivers/SupervisorB1/SupervisorB1.c:1014:3: warning: enumeration value 'WHEEL_OK' not handled in switch [-Wswitch]
 1014 |   switch (SupervisorB1_B.wheel_status[2]) {
      |   ^~~~~~
../Drivers/SupervisorB1/SupervisorB1.c:1024:3: warning: enumeration value 'WHEEL_OK' not handled in switch [-Wswitch]
 1024 |   switch (SupervisorB1_B.wheel_status[3]) {
      |   ^~~~~~
../Drivers/SupervisorB1/SupervisorB1.c:1034:3: warning: enumeration value 'SUPERVISOR_OK' not handled in switch [-Wswitch]
 1034 |   switch (b2_sup_status) {
      |   ^~~~~~
../Core/Src/app_freertos.c:640:5: warning: "/*" within comment [-Wcomment]
  640 |     /* ================= VERSIONE INT (DEBUG SAFE) ================= */
      |      
arm-none-eabi-gcc -o "zzz_Board1.elf" @"objects.list"   -mcpu=cortex-m4 -T"C:\Users\Sterm\Desktop\STM32\workspace\Rover_Project_Fake\zzz_Board1\STM32G474RETX_FLASH.ld" --specs=nosys.specs -Wl,-Map="zzz_Board1.map" -Wl,--gc-sections -static --specs=nano.specs -mfpu=fpv4-sp-d16 -mfloat-abi=hard -mthumb -u _printf_float -u _scanf_float -Wl,--start-group -lc -lm -Wl,--end-group
Finished building target: zzz_Board1.elf
 
arm-none-eabi-size  zzz_Board1.elf 
arm-none-eabi-objdump -h -S zzz_Board1.elf  > "zzz_Board1.list"
   text	   data	    bss	    dec	    hex	filename
  90456	    572	  25224	 116252	  1c61c	zzz_Board1.elf
Finished building: default.size.stdout
 
Finished building: zzz_Board1.list
 

18:52:20 Build Finished. 0 errors, 11 warnings. (took 2s.595ms)

