../Core/Src/app_freertos.c:225:6:vApplicationStackOverflowHook	24	static,ignoring_inline_asm
../Core/Src/app_freertos.c:242:6:MX_FREERTOS_Init	8	static
../Core/Src/app_freertos.c:319:6:StartDefaultTask	16	static
../Core/Src/app_freertos.c:338:6:StartTask_BattTemp	24	static
../Core/Src/app_freertos.c:364:6:StartTask_TX	24	static
../Core/Src/app_freertos.c:387:6:StartTask_RX	16	static
../Core/Src/app_freertos.c:408:6:StartTask_Supervisor	24	static
../Core/Src/app_freertos.c:434:6:StartTask_Control	40	static
../Core/Src/app_freertos.c:495:6:StartTask_Debug	24	static
../Core/Src/app_freertos.c:517:6:StartTask_Led	24	static
