../Core/Src/Board_Health/board_health_adc.c:79:13:BoardHealthADC_LoadCal	4	static
../Core/Src/Board_Health/board_health_adc.c:91:6:BoardHealthADC_Init	8	static
../Core/Src/Board_Health/board_health_adc.c:107:14:MovingAverage_Update	40	static
../Core/Src/Board_Health/board_health_adc.c:133:14:Battery_VoltageToPercent	56	static
../Core/Src/Board_Health/board_health_adc.c:177:21:BoardHealth_ReadTemperature	48	static,ignoring_inline_asm
../Core/Src/Board_Health/board_health_adc.c:224:21:BoardHealth_ReadBattery	48	static,ignoring_inline_asm
