../Core/Src/comm/comm_uart.c:42:17:ring_next	24	static
../Core/Src/comm/comm_uart.c:58:6:CommUart_RegisterRxTask	16	static
../Core/Src/comm/comm_uart.c:66:6:CommUart_EarlyInit	8	static
../Core/Src/comm/comm_uart.c:79:6:CommUart_Init	8	static
../Core/Src/comm/comm_uart.c:89:6:CommUart_Send	16	static
../Core/Src/comm/comm_uart.c:115:6:HAL_UART_TxCpltCallback	16	static
../Core/Src/comm/comm_uart.c:142:6:CommUart_GetByte	24	static
../Core/Src/comm/comm_uart.c:160:6:HAL_UART_RxCpltCallback	24	static,ignoring_inline_asm
