../Core/Src/app_freertos.c:246:6:vApplicationStackOverflowHook	16	static
../Core/Src/app_freertos.c:261:6:MX_FREERTOS_Init	8	static
../Core/Src/app_freertos.c:343:6:StartDefaultTask	16	static
../Core/Src/app_freertos.c:361:6:StartTask_ReadBLE	24	static
../Core/Src/app_freertos.c:392:6:StartTask_ReadIMU	24	static
../Core/Src/app_freertos.c:426:6:StartTask_ReadSonars	24	static
../Core/Src/app_freertos.c:454:6:StartTask_Rx	16	static
../Core/Src/app_freertos.c:480:6:StartTask_Tx	24	static
../Core/Src/app_freertos.c:510:6:StartTask_Supervisor	24	static
../Core/Src/app_freertos.c:540:6:StartTask_Log	24	static
