../Drivers/SupervisorB2/SupervisorB2.c:123:18:SupervisorB2_gyroTargetDiff	24	static
../Drivers/SupervisorB2/SupervisorB2.c:147:17:SupervisorB2_angleCalculator	24	static
../Drivers/SupervisorB2/SupervisorB2.c:167:13:SupervisorB2_B2Decisions	16	static
../Drivers/SupervisorB2/SupervisorB2.c:258:16:Supervisor_check_emergency_stop	24	static
../Drivers/SupervisorB2/SupervisorB2.c:273:16:SupervisorB2_closeRange	16	static
../Drivers/SupervisorB2/SupervisorB2.c:279:13:SupervisorB2_timers	24	static
../Drivers/SupervisorB2/SupervisorB2.c:387:8:rt_roundd_snf	24	static
../Drivers/SupervisorB2/SupervisorB2.c:406:18:Supe_isCommDegradedByMeanPeriod	56	static
../Drivers/SupervisorB2/SupervisorB2.c:477:13:SupervisorB2_MonitorRx	24	static
../Drivers/SupervisorB2/SupervisorB2.c:574:16:Supervis_check_emergency_stop_e	24	static
../Drivers/SupervisorB2/SupervisorB2.c:587:13:SupervisorB2_updateSafetyLimits	24	static
../Drivers/SupervisorB2/SupervisorB2.c:599:17:SupervisorB2_angleError	24	static
../Drivers/SupervisorB2/SupervisorB2.c:623:17:SupervisorB2_angleCalculator180	24	static
../Drivers/SupervisorB2/SupervisorB2.c:636:18:SupervisorB2_checkStop	32	static
../Drivers/SupervisorB2/SupervisorB2.c:662:6:SupervisorB2_step	152	static
../Drivers/SupervisorB2/SupervisorB2.c:1849:6:SupervisorB2_initialize	4	static
../Drivers/SupervisorB2/SupervisorB2.c:1862:6:SupervisorB2_terminate	4	static
