../Drivers/SupervisorB2/SupervisorB2v2.c:99:8:rt_roundd_snf	24	static
../Drivers/SupervisorB2/SupervisorB2v2.c:118:18:Supe_isCommDegradedByMeanPeriod	56	static
../Drivers/SupervisorB2/SupervisorB2v2.c:190:13:SupervisorB2v2_MonitorIMU	24	static
../Drivers/SupervisorB2/SupervisorB2v2.c:299:18:SupervisorB2v2_gyroTargetDiff	24	static
../Drivers/SupervisorB2/SupervisorB2v2.c:323:17:SupervisorB2v2_angleCalculator	24	static
../Drivers/SupervisorB2/SupervisorB2v2.c:343:13:SupervisorB2v2_B2Decisions	24	static
../Drivers/SupervisorB2/SupervisorB2v2.c:436:16:Supervis_check_emergency_stop_k	24	static
../Drivers/SupervisorB2/SupervisorB2v2.c:451:16:SupervisorB2v2_closeRange	16	static
../Drivers/SupervisorB2/SupervisorB2v2.c:457:13:SupervisorB2v2_timers	32	static
../Drivers/SupervisorB2/SupervisorB2v2.c:567:16:Supervisor_check_emergency_stop	24	static
../Drivers/SupervisorB2/SupervisorB2v2.c:579:8:rt_atan2d_snf	48	static
../Drivers/SupervisorB2/SupervisorB2v2.c:616:6:SupervisorB2v2_step	104	static
../Drivers/SupervisorB2/SupervisorB2v2.c:1256:6:SupervisorB2v2_initialize	4	static
../Drivers/SupervisorB2/SupervisorB2v2.c:1266:6:SupervisorB2v2_terminate	4	static
