../Drivers/SupervisorB1/SupervisorB1.c:131:8:rt_roundd_snf	24	static
../Drivers/SupervisorB1/SupervisorB1.c:150:18:SupervisorB1_checkTempTimeout	32	static
../Drivers/SupervisorB1/SupervisorB1.c:166:13:SupervisorB1_MonitorTemperature	16	static
../Drivers/SupervisorB1/SupervisorB1.c:254:18:SupervisorB_checkBatteryTimeout	32	static
../Drivers/SupervisorB1/SupervisorB1.c:278:13:SupervisorB1_MonitorBattery	16	static
../Drivers/SupervisorB1/SupervisorB1.c:361:13:SupervisorB1_MonitorWheels	4	static
../Drivers/SupervisorB1/SupervisorB1.c:477:18:Supe_isCommDegradedByMeanPeriod	56	static
../Drivers/SupervisorB1/SupervisorB1.c:548:13:SupervisorB1_updateSafetyLimits	24	static
../Drivers/SupervisorB1/SupervisorB1.c:577:17:SupervisorB1_angleCalculator180	24	static
../Drivers/SupervisorB1/SupervisorB1.c:590:17:SupervisorB1_angleError	24	static
../Drivers/SupervisorB1/SupervisorB1.c:614:18:SupervisorB1_checkStop	32	static
../Drivers/SupervisorB1/SupervisorB1.c:640:13:enter_atomic_Stato_marcia_rover	72	static
../Drivers/SupervisorB1/SupervisorB1.c:664:13:SupervisorB1_Motion_Supervision	88	static
../Drivers/SupervisorB1/SupervisorB1.c:939:6:SupervisorB1_step	32	static
../Drivers/SupervisorB1/SupervisorB1.c:1524:6:SupervisorB1_initialize	4	static
../Drivers/SupervisorB1/SupervisorB1.c:1542:6:SupervisorB1_terminate	4	static
